  console.log
    [dotenv@17.3.1] injecting env (0) from .env.test -- tip: ÔÜÖ´©Å  override existing env vars with { override: true }

      at _log (node_modules/dotenv/lib/main.js:139:11)

17:32:33 [[32minfo[39m]: Redis connected successfully {
  "service": "lhcBack",
  "version": "1.0.0"
}
17:32:33 [[32minfo[39m]: Roles seeded successfully {
  "service": "lhcBack",
  "version": "1.0.0"
}
17:32:33 [[32minfo[39m]: Server is running on port 4000 {
  "service": "lhcBack",
  "version": "1.0.0",
  "port": 4000,
  "env": "test",
  "timeStamp": "2026-04-03T15:32:33.646Z"
}
npx : (node:12152) DeprecationWarning: Calling client.query() when the client is already executing a query is 
deprecated and will be removed in pg@9.0. Use asycn/await or an external async flow control mechanism instead.
Au caractère Ligne:1 : 1
+ npx dotenv-cli -e .env.test -- jest --runInBand --forceExit --detectO ...
+ ~~~~~~~~~~~~~~~~~~~~~~~~~~~~~~~~~~~~~~~~~~~~~~~~~~~~~~~~~~~~~~~~~~~~~
    + CategoryInfo          : NotSpecified: ((node:12152) De...hanism instead.:String) [], RemoteException
    + FullyQualifiedErrorId : NativeCommandError
 
(Use `node --trace-deprecation ...` to show where the warning was created)
17:32:34 [[32minfo[39m]: HTTP Request {
  "service": "lhcBack",
  "version": "1.0.0",
  "method": "POST",
  "path": "/",
  "statusCode": 201,
  "duration": "558 ms",
  "userId": "1",
  "ip": "::ffff:127.0.0.1",
  "contentLength": "445"
}
17:32:34 [[32minfo[39m]: HTTP Request {
  "service": "lhcBack",
  "version": "1.0.0",
  "method": "POST",
  "path": "/",
  "statusCode": 201,
  "duration": "224 ms",
  "userId": "1",
  "ip": "::ffff:127.0.0.1",
  "contentLength": "448"
}
17:32:34 [[33mwarn[39m]: HTTP Request {
  "service": "lhcBack",
  "version": "1.0.0",
  "method": "POST",
  "path": "/",
  "statusCode": 403,
  "duration": "12 ms",
  "userId": "2",
  "ip": "::ffff:127.0.0.1",
  "contentLength": "89"
}
17:32:34 [[32minfo[39m]: HTTP Request {
  "service": "lhcBack",
  "version": "1.0.0",
  "method": "GET",
  "path": "/",
  "statusCode": 200,
  "duration": "130 ms",
  "userId": "1",
  "ip": "::ffff:127.0.0.1",
  "contentLength": "1573"
}
17:32:34 [[33mwarn[39m]: HTTP Request {
  "service": "lhcBack",
  "version": "1.0.0",
  "method": "GET",
  "path": "/",
  "statusCode": 403,
  "duration": "6 ms",
  "userId": "2",
  "ip": "::ffff:127.0.0.1",
  "contentLength": "89"
}
17:32:35 [[32minfo[39m]: HTTP Request {
  "service": "lhcBack",
  "version": "1.0.0",
  "method": "GET",
  "path": "/ee7b6df3-28ad-4073-8e70-c5244e396c81",
  "statusCode": 200,
  "duration": "34 ms",
  "userId": "1",
  "ip": "::ffff:127.0.0.1",
  "contentLength": "783"
}
17:32:35 [[32minfo[39m]: HTTP Request {
  "service": "lhcBack",
  "version": "1.0.0",
  "method": "GET",
  "path": "/47b2dfaf-9297-4233-a395-ec7b8b8e7137",
  "statusCode": 200,
  "duration": "27 ms",
  "userId": "2",
  "ip": "::ffff:127.0.0.1",
  "contentLength": "786"
}
17:32:35 [[33mwarn[39m]: HTTP Request {
  "service": "lhcBack",
  "version": "1.0.0",
  "method": "PUT",
  "path": "/ee7b6df3-28ad-4073-8e70-c5244e396c81",
  "statusCode": 400,
  "duration": "7 ms",
  "userId": "anonymous",
  "ip": "::ffff:127.0.0.1",
  "contentLength": "123"
}
17:32:35 [[33mwarn[39m]: HTTP Request {
  "service": "lhcBack",
  "version": "1.0.0",
  "method": "PUT",
  "path": "/47b2dfaf-9297-4233-a395-ec7b8b8e7137",
  "statusCode": 400,
  "duration": "4 ms",
  "userId": "anonymous",
  "ip": "::ffff:127.0.0.1",
  "contentLength": "123"
}
17:32:35 [[32minfo[39m]: File upload check {
  "service": "lhcBack",
  "version": "1.0.0",
  "fieldname": "profileImage",
  "mimetype": "image/png",
  "originalname": "test.png"
}
17:32:35 [[32minfo[39m]: HTTP Request {
  "service": "lhcBack",
  "version": "1.0.0",
  "method": "PUT",
  "path": "/ee7b6df3-28ad-4073-8e70-c5244e396c81/profile-image",
  "statusCode": 200,
  "duration": "230 ms",
  "userId": "1",
  "ip": "::ffff:127.0.0.1",
  "contentLength": "790"
}
  console.log
    {
      id: 'ee7b6df3-28ad-4073-8e70-c5244e396c81',
      name: 'Test',
      surname: 'Testest',
      age: 23,
      weight: 85,
      phone: '0601020304',
      imageUri: '/profileImage/1775230355239.png',
      roleId: '0236d0df-1c0a-464f-b914-57a6e392c19c',
      username: 'ttestest',
      createdAt: '2026-04-03T15:32:34.286Z',
      updatedAt: '2026-04-03T15:32:35.417Z',
      stats: [],
      programs: [],
      payments: [
        {
          id: '20cde36b-a8dc-44eb-b929-c6ecadb35e40',
          userId: 'ee7b6df3-28ad-4073-8e70-c5244e396c81',
          year: 2026,
          status: [Object],
          createdAt: '2026-04-03T15:32:34.360Z',
          updatedAt: '2026-04-03T15:32:34.360Z'
        }
      ],
      role: 'ATHLETE_PROG'
    }

      at Object.<anonymous> (test/1-user.test.ts:134:15)

17:32:35 [[32minfo[39m]: File upload check {
  "service": "lhcBack",
  "version": "1.0.0",
  "fieldname": "profileImage",
  "mimetype": "image/png",
  "originalname": "test2.png"
}
17:32:35 [[32minfo[39m]: HTTP Request {
  "service": "lhcBack",
  "version": "1.0.0",
  "method": "PUT",
  "path": "/47b2dfaf-9297-4233-a395-ec7b8b8e7137/profile-image",
  "statusCode": 200,
  "duration": "112 ms",
  "userId": "2",
  "ip": "::ffff:127.0.0.1",
  "contentLength": "793"
}
17:32:35 [[32minfo[39m]: HTTP Request {
  "service": "lhcBack",
  "version": "1.0.0",
  "method": "GET",
  "path": "/ee7b6df3-28ad-4073-8e70-c5244e396c81",
  "statusCode": 200,
  "duration": "24 ms",
  "userId": "1",
  "ip": "::ffff:127.0.0.1",
  "contentLength": "790"
}
  console.log
    [
      {
        message: {
          id: 'ee7b6df3-28ad-4073-8e70-c5244e396c81',
          name: 'Test',
          surname: 'Testest',
          age: 23,
          weight: 85,
          phone: '0601020304',
          imageUri: '/profileImage/1775230355239.png',
          roleId: '0236d0df-1c0a-464f-b914-57a6e392c19c',
          username: 'ttestest',
          createdAt: '2026-04-03T15:32:34.286Z',
          updatedAt: '2026-04-03T15:32:35.417Z',
          stats: [],
          programs: [],
          payments: [Array],
          role: 'ATHLETE_PROG'
        }
      }
    ]

      at Object.<anonymous> (test/1-user.test.ts:152:15)

17:32:35 [[32minfo[39m]: Local file deleted {
  "service": "lhcBack",
  "version": "1.0.0",
  "fullPath": "C:\\Users\\td596\\OneDrive\\Bureau\\Code\\appCoach\\lhcBack\\public\\profileImage\\1775230355500.png"
}
17:32:35 [[32minfo[39m]: HTTP Request {
  "service": "lhcBack",
  "version": "1.0.0",
  "method": "DELETE",
  "path": "/47b2dfaf-9297-4233-a395-ec7b8b8e7137/profile-image",
  "statusCode": 200,
  "duration": "63 ms",
  "userId": "2",
  "ip": "::ffff:127.0.0.1",
  "contentLength": "81"
}
17:32:35 [[32minfo[39m]: File upload check {
  "service": "lhcBack",
  "version": "1.0.0",
  "fieldname": "programFile",
  "mimetype": "application/vnd.openxmlformats-officedocument.spreadsheetml.sheet",
  "originalname": "test.xlsx"
}
17:32:35 [[32minfo[39m]: HTTP Request {
  "service": "lhcBack",
  "version": "1.0.0",
  "method": "PUT",
  "path": "/ee7b6df3-28ad-4073-8e70-c5244e396c81",
  "statusCode": 201,
  "duration": "41 ms",
  "userId": "1",
  "ip": "::ffff:127.0.0.1",
  "contentLength": "308"
}
17:32:35 [[33mwarn[39m]: HTTP Request {
  "service": "lhcBack",
  "version": "1.0.0",
  "method": "PUT",
  "path": "/47b2dfaf-9297-4233-a395-ec7b8b8e7137",
  "statusCode": 403,
  "duration": "5 ms",
  "userId": "2",
  "ip": "::ffff:127.0.0.1",
  "contentLength": "89"
}
17:32:35 [[32minfo[39m]: HTTP Request {
  "service": "lhcBack",
  "version": "1.0.0",
  "method": "GET",
  "path": "/ee7b6df3-28ad-4073-8e70-c5244e396c81",
  "statusCode": 200,
  "duration": "21 ms",
  "userId": "1",
  "ip": "::ffff:127.0.0.1",
  "contentLength": "1021"
}
17:32:35 [[32minfo[39m]: File upload check {
  "service": "lhcBack",
  "version": "1.0.0",
  "fieldname": "programFile",
  "mimetype": "application/vnd.openxmlformats-officedocument.spreadsheetml.sheet",
  "originalname": "test.xlsx"
}
17:32:36 [[32minfo[39m]: HTTP Request {
  "service": "lhcBack",
  "version": "1.0.0",
  "method": "PUT",
  "path": "/47b2dfaf-9297-4233-a395-ec7b8b8e7137",
  "statusCode": 201,
  "duration": "37 ms",
  "userId": "1",
  "ip": "::ffff:127.0.0.1",
  "contentLength": "308"
}
17:32:36 [[32minfo[39m]: HTTP Request {
  "service": "lhcBack",
  "version": "1.0.0",
  "method": "GET",
  "path": "/47b2dfaf-9297-4233-a395-ec7b8b8e7137",
  "statusCode": 200,
  "duration": "20 ms",
  "userId": "2",
  "ip": "::ffff:127.0.0.1",
  "contentLength": "1017"
}
17:32:36 [[33mwarn[39m]: HTTP Request {
  "service": "lhcBack",
  "version": "1.0.0",
  "method": "DELETE",
  "path": "/47b2dfaf-9297-4233-a395-ec7b8b8e7137",
  "statusCode": 400,
  "duration": "4 ms",
  "userId": "anonymous",
  "ip": "::ffff:127.0.0.1",
  "contentLength": "138"
}
17:32:36 [[32minfo[39m]: HTTP Request {
  "service": "lhcBack",
  "version": "1.0.0",
  "method": "POST",
  "path": "/coach",
  "statusCode": 201,
  "duration": "190 ms",
  "userId": "98",
  "ip": "::ffff:127.0.0.1",
  "contentLength": "435"
}
17:32:36 [[33mwarn[39m]: HTTP Request {
  "service": "lhcBack",
  "version": "1.0.0",
  "method": "POST",
  "path": "/coach",
  "statusCode": 403,
  "duration": "6 ms",
  "userId": "1",
  "ip": "::ffff:127.0.0.1",
  "contentLength": "89"
}
17:32:36 [[33mwarn[39m]: HTTP Request {
  "service": "lhcBack",
  "version": "1.0.0",
  "method": "POST",
  "path": "/coach",
  "statusCode": 401,
  "duration": "4 ms",
  "userId": "anonymous",
  "ip": "::ffff:127.0.0.1",
  "contentLength": "92"
}
17:32:36 [[32minfo[39m]: HTTP Request {
  "service": "lhcBack",
  "version": "1.0.0",
  "method": "GET",
  "path": "/get-coach",
  "statusCode": 200,
  "duration": "26 ms",
  "userId": "1",
  "ip": "::ffff:127.0.0.1",
  "contentLength": "775"
}
17:32:36 [[33mwarn[39m]: HTTP Request {
  "service": "lhcBack",
  "version": "1.0.0",
  "method": "GET",
  "path": "/get-coach",
  "statusCode": 403,
  "duration": "3 ms",
  "userId": "2",
  "ip": "::ffff:127.0.0.1",
  "contentLength": "89"
}
17:32:36 [[33mwarn[39m]: HTTP Request {
  "service": "lhcBack",
  "version": "1.0.0",
  "method": "GET",
  "path": "/get-coach",
  "statusCode": 401,
  "duration": "3 ms",
  "userId": "anonymous",
  "ip": "::ffff:127.0.0.1",
  "contentLength": "92"
}
17:32:36 [[32minfo[39m]: Local file deleted {
  "service": "lhcBack",
  "version": "1.0.0",
  "fullPath": "C:\\Users\\td596\\OneDrive\\Bureau\\Code\\appCoach\\lhcBack\\public\\prog\\1775230355812.xlsx"
}
17:32:36 [[32minfo[39m]: Local file deleted {
  "service": "lhcBack",
  "version": "1.0.0",
  "fullPath": "C:\\Users\\td596\\OneDrive\\Bureau\\Code\\appCoach\\lhcBack\\public\\profileImage\\1775230355239.png"
}
17:32:36 [[32minfo[39m]: HTTP Request {
  "service": "lhcBack",
  "version": "1.0.0",
  "method": "DELETE",
  "path": "/ee7b6df3-28ad-4073-8e70-c5244e396c81",
  "statusCode": 200,
  "duration": "106 ms",
  "userId": "1",
  "ip": "::ffff:127.0.0.1",
  "contentLength": "100"
}
17:32:36 [[33mwarn[39m]: HTTP Request {
  "service": "lhcBack",
  "version": "1.0.0",
  "method": "DELETE",
  "path": "/47b2dfaf-9297-4233-a395-ec7b8b8e7137",
  "statusCode": 403,
  "duration": "4 ms",
  "userId": "2",
  "ip": "::ffff:127.0.0.1",
  "contentLength": "89"
}
17:32:36 [[32minfo[39m]: Local file deleted {
  "service": "lhcBack",
  "version": "1.0.0",
  "fullPath": "C:\\Users\\td596\\OneDrive\\Bureau\\Code\\appCoach\\lhcBack\\public\\prog\\1775230355991.xlsx"
}
17:32:36 [[32minfo[39m]: HTTP Request {
  "service": "lhcBack",
  "version": "1.0.0",
  "method": "DELETE",
  "path": "/47b2dfaf-9297-4233-a395-ec7b8b8e7137",
  "statusCode": 200,
  "duration": "90 ms",
  "userId": "1",
  "ip": "::ffff:127.0.0.1",
  "contentLength": "100"
}
(node:12152) Warning: `--localstorage-file` was provided without a valid path
FAIL test/1-user.test.ts (7.268 s)
  Test CRUD pour les utilisateurs
    CREATE (POST /api/user/)
      ÔêÜ COACH -> Authorize (956 ms)
      ÔêÜ ATHLETE -> Unauthorize (52 ms)
    GET ALL (GET /api/user/)
      ÔêÜ COACH -> Authorize (168 ms)
      ÔêÜ ATHLETE -> Unauthorize (35 ms)
    GET BY ID (GET /api/user/id)
      ÔêÜ COACH -> Authorize (90 ms)
      ÔêÜ ATHLETE -> Authorize (54 ms)
    UPDATE (PUT /api/user/id)
      ├ù COACH -> Authorize (38 ms)
      ÔêÜ ATHLETE -> Authorize (35 ms)
    UPDATE IMAGE (PUT /api/user/id/profile-image)
      ÔêÜ COACH -> Authorize (280 ms)
      ÔêÜ ATHELETE -> Authorize (146 ms)
    RESET IMAGE (DELETE /api/user/id/profile-image)
      ÔêÜ COACH -> Authorize (77 ms)
      ÔêÜ ATHLETE -> Authorize (92 ms)
    UPDATE PROG (PUT /api/user/program/:id)
      ÔêÜ COACH -> Auhtorize (77 ms)
      ÔêÜ ATHLETE -> Unauhtorize (38 ms)
    REMOVE PROG (DELETE /api/user/id/prog)
      ÔêÜ COACH -> Authorize (44 ms)
      ├ù ATHLETE -> Unauthorize (158 ms)
    CREATE COACH (POST /api/user/coach)
      ÔêÜ ADMIN -> Authorize (217 ms)
      ÔêÜ COACH -> Unauthorize (40 ms)
      ÔêÜ NO TOKEN -> Unauthorized (31 ms)
    GET ALL COACHES (GET /api/user/get-coach)
      ÔêÜ COACH -> Authorize (58 ms)
      ÔêÜ ATHLETE -> Unauthorize (31 ms)
      ÔêÜ NO TOKEN -> Unauthorized (24 ms)
    DELETE (DELETE /api/user/id)
      ÔêÜ COACH -> Authorize (127 ms)
      ÔêÜ ATHLETE -> Unauthorize (136 ms)

  ÔùÅ Test CRUD pour les utilisateurs ÔÇ║ UPDATE (PUT /api/user/id) ÔÇ║ COACH -> Authorize

    expect(received).toBe(expected) // Object.is equality

    Expected: true
    Received: false

    [0m [90m 113 |[39m           name[33m:[39m [32m'coachName'[39m[33m,[39m
     [90m 114 |[39m         })
    [31m[1m>[22m[39m[90m 115 |[39m       
expect(res[33m.[39mbody[33m.[39msuccess)[33m.[39mtoBe([36mtrue[39m)
     [90m     |[39m                                [31m[1m^[22m[39m
     [90m 116 |[39m       expect(res[33m.[39mbody[33m.[39mdata[[35m0[39m][33m.[39mmessage[33m.[39mname)[33
m.[39mtoBe([32m'coachName'[39m)
     [90m 117 |[39m     })
     [90m 118 |[39m     it([32m'ATHLETE -> Authorize'[39m[33m,[39m [36masync[39m () [33m=>[39m {[0m

      at Object.<anonymous> (test/1-user.test.ts:115:32)

  ÔùÅ Test CRUD pour les utilisateurs ÔÇ║ REMOVE PROG (DELETE /api/user/id/prog) ÔÇ║ ATHLETE -> Unauthorize

    expect(received).toBe(expected) // Object.is equality

    Expected: 403
    Received: 400

    [0m [90m 248 |[39m           })
     [90m 249 |[39m
    [31m[1m>[22m[39m[90m 250 |[39m         expect(res[33m.[39mstatus)[33m.[39mtoBe([35m403[39m)
     [90m     |[39m                            [31m[1m^[22m[39m
     [90m 251 |[39m       }
     [90m 252 |[39m     })
     [90m 253 |[39m   })[0m

      at Object.<anonymous> (test/1-user.test.ts:250:28)

  console.log
    [dotenv@17.3.1] injecting env (0) from .env.test -- tip: ­ƒöÉ prevent committing .env to code: https://dotenvx.com/precommit

      at _log (node_modules/dotenv/lib/main.js:139:11)

17:32:38 [[32minfo[39m]: Redis connected successfully {
  "service": "lhcBack",
  "version": "1.0.0"
}
17:32:38 [[32minfo[39m]: Roles seeded successfully {
  "service": "lhcBack",
  "version": "1.0.0"
}
17:32:38 [[32minfo[39m]: Server is running on port 4000 {
  "service": "lhcBack",
  "version": "1.0.0",
  "port": 4000,
  "env": "test",
  "timeStamp": "2026-04-03T15:32:38.581Z"
}
17:32:38 [[32minfo[39m]: File upload check {
  "service": "lhcBack",
  "version": "1.0.0",
  "fieldname": "productImage",
  "mimetype": "image/png",
  "originalname": "test.png"
}
17:32:38 [[32minfo[39m]: HTTP Request {
  "service": "lhcBack",
  "version": "1.0.0",
  "method": "POST",
  "path": "/",
  "statusCode": 201,
  "duration": "210 ms",
  "userId": "a04f0d26-6724-4c67-abb2-d8305bae1dd9",
  "ip": "::ffff:127.0.0.1",
  "contentLength": "686"
}
17:32:39 [[33mwarn[39m]: HTTP Request {
  "service": "lhcBack",
  "version": "1.0.0",
  "method": "POST",
  "path": "/",
  "statusCode": 403,
  "duration": "5 ms",
  "userId": "c75d2b3d-1973-4345-ac91-469f0f7bc78e",
  "ip": "::ffff:127.0.0.1",
  "contentLength": "89"
}
17:32:39 [[33mwarn[39m]: HTTP Request {
  "service": "lhcBack",
  "version": "1.0.0",
  "method": "POST",
  "path": "/",
  "statusCode": 400,
  "duration": "8 ms",
  "userId": "a04f0d26-6724-4c67-abb2-d8305bae1dd9",
  "ip": "::ffff:127.0.0.1",
  "contentLength": "157"
}
17:32:39 [[33mwarn[39m]: HTTP Request {
  "service": "lhcBack",
  "version": "1.0.0",
  "method": "POST",
  "path": "/",
  "statusCode": 401,
  "duration": "3 ms",
  "userId": "anonymous",
  "ip": "::ffff:127.0.0.1",
  "contentLength": "92"
}
17:32:39 [[32minfo[39m]: HTTP Request {
  "service": "lhcBack",
  "version": "1.0.0",
  "method": "GET",
  "path": "/",
  "statusCode": 200,
  "duration": "23 ms",
  "userId": "a04f0d26-6724-4c67-abb2-d8305bae1dd9",
  "ip": "::ffff:127.0.0.1",
  "contentLength": "688"
}
17:32:39 [[32minfo[39m]: HTTP Request {
  "service": "lhcBack",
  "version": "1.0.0",
  "method": "GET",
  "path": "/",
  "statusCode": 200,
  "duration": "13 ms",
  "userId": "c75d2b3d-1973-4345-ac91-469f0f7bc78e",
  "ip": "::ffff:127.0.0.1",
  "contentLength": "688"
}
17:32:39 [[33mwarn[39m]: HTTP Request {
  "service": "lhcBack",
  "version": "1.0.0",
  "method": "GET",
  "path": "/",
  "statusCode": 401,
  "duration": "4 ms",
  "userId": "anonymous",
  "ip": "::ffff:127.0.0.1",
  "contentLength": "92"
}
17:32:39 [[32minfo[39m]: HTTP Request {
  "service": "lhcBack",
  "version": "1.0.0",
  "method": "GET",
  "path": "/51d7a85c-ce05-4c37-a45f-809cb22cec39",
  "statusCode": 200,
  "duration": "16 ms",
  "userId": "a04f0d26-6724-4c67-abb2-d8305bae1dd9",
  "ip": "::ffff:127.0.0.1",
  "contentLength": "686"
}
17:32:39 [[33mwarn[39m]: HTTP Request {
  "service": "lhcBack",
  "version": "1.0.0",
  "method": "GET",
  "path": "/999999",
  "statusCode": 400,
  "duration": "4 ms",
  "userId": "anonymous",
  "ip": "::ffff:127.0.0.1",
  "contentLength": "121"
}
17:32:39 [[32minfo[39m]: HTTP Request {
  "service": "lhcBack",
  "version": "1.0.0",
  "method": "GET",
  "path": "/51d7a85c-ce05-4c37-a45f-809cb22cec39",
  "statusCode": 200,
  "duration": "14 ms",
  "userId": "c75d2b3d-1973-4345-ac91-469f0f7bc78e",
  "ip": "::ffff:127.0.0.1",
  "contentLength": "686"
}
17:32:39 [[32minfo[39m]: HTTP Request {
  "service": "lhcBack",
  "version": "1.0.0",
  "method": "PUT",
  "path": "/51d7a85c-ce05-4c37-a45f-809cb22cec39/price",
  "statusCode": 200,
  "duration": "33 ms",
  "userId": "a04f0d26-6724-4c67-abb2-d8305bae1dd9",
  "ip": "::ffff:127.0.0.1",
  "contentLength": "277"
}
17:32:39 [[33mwarn[39m]: HTTP Request {
  "service": "lhcBack",
  "version": "1.0.0",
  "method": "PUT",
  "path": "/51d7a85c-ce05-4c37-a45f-809cb22cec39/price",
  "statusCode": 403,
  "duration": "3 ms",
  "userId": "c75d2b3d-1973-4345-ac91-469f0f7bc78e",
  "ip": "::ffff:127.0.0.1",
  "contentLength": "89"
}
17:32:39 [[33mwarn[39m]: HTTP Request {
  "service": "lhcBack",
  "version": "1.0.0",
  "method": "PUT",
  "path": "/999999/price",
  "statusCode": 404,
  "duration": "10 ms",
  "userId": "a04f0d26-6724-4c67-abb2-d8305bae1dd9",
  "ip": "::ffff:127.0.0.1",
  "contentLength": "99"
}
17:32:39 [[32minfo[39m]: HTTP Request {
  "service": "lhcBack",
  "version": "1.0.0",
  "method": "PUT",
  "path": "/51d7a85c-ce05-4c37-a45f-809cb22cec39/stock/M",
  "statusCode": 200,
  "duration": "63 ms",
  "userId": "a04f0d26-6724-4c67-abb2-d8305bae1dd9",
  "ip": "::ffff:127.0.0.1",
  "contentLength": "276"
}
17:32:39 [[33mwarn[39m]: HTTP Request {
  "service": "lhcBack",
  "version": "1.0.0",
  "method": "PUT",
  "path": "/51d7a85c-ce05-4c37-a45f-809cb22cec39/stock/M",
  "statusCode": 403,
  "duration": "5 ms",
  "userId": "c75d2b3d-1973-4345-ac91-469f0f7bc78e",
  "ip": "::ffff:127.0.0.1",
  "contentLength": "89"
}
17:32:39 [[33mwarn[39m]: HTTP Request {
  "service": "lhcBack",
  "version": "1.0.0",
  "method": "PUT",
  "path": "/51d7a85c-ce05-4c37-a45f-809cb22cec39/stock/XXL",
  "statusCode": 404,
  "duration": "9 ms",
  "userId": "a04f0d26-6724-4c67-abb2-d8305bae1dd9",
  "ip": "::ffff:127.0.0.1",
  "contentLength": "109"
}
17:32:39 [[32minfo[39m]: HTTP Request {
  "service": "lhcBack",
  "version": "1.0.0",
  "method": "POST",
  "path": "/51d7a85c-ce05-4c37-a45f-809cb22cec39/size",
  "statusCode": 201,
  "duration": "34 ms",
  "userId": "a04f0d26-6724-4c67-abb2-d8305bae1dd9",
  "ip": "::ffff:127.0.0.1",
  "contentLength": "276"
}
17:32:39 [[33mwarn[39m]: HTTP Request {
  "service": "lhcBack",
  "version": "1.0.0",
  "method": "POST",
  "path": "/51d7a85c-ce05-4c37-a45f-809cb22cec39/size",
  "statusCode": 400,
  "duration": "15 ms",
  "userId": "a04f0d26-6724-4c67-abb2-d8305bae1dd9",
  "ip": "::ffff:127.0.0.1",
  "contentLength": "106"
}
17:32:39 [[33mwarn[39m]: HTTP Request {
  "service": "lhcBack",
  "version": "1.0.0",
  "method": "POST",
  "path": "/51d7a85c-ce05-4c37-a45f-809cb22cec39/size",
  "statusCode": 400,
  "duration": "4 ms",
  "userId": "a04f0d26-6724-4c67-abb2-d8305bae1dd9",
  "ip": "::ffff:127.0.0.1",
  "contentLength": "101"
}
17:32:39 [[33mwarn[39m]: HTTP Request {
  "service": "lhcBack",
  "version": "1.0.0",
  "method": "POST",
  "path": "/51d7a85c-ce05-4c37-a45f-809cb22cec39/size",
  "statusCode": 403,
  "duration": "4 ms",
  "userId": "c75d2b3d-1973-4345-ac91-469f0f7bc78e",
  "ip": "::ffff:127.0.0.1",
  "contentLength": "89"
}
17:32:39 [[32minfo[39m]: HTTP Request {
  "service": "lhcBack",
  "version": "1.0.0",
  "method": "DELETE",
  "path": "/51d7a85c-ce05-4c37-a45f-809cb22cec39/stock/XL",
  "statusCode": 200,
  "duration": "21 ms",
  "userId": "a04f0d26-6724-4c67-abb2-d8305bae1dd9",
  "ip": "::ffff:127.0.0.1",
  "contentLength": "96"
}
17:32:39 [[33mwarn[39m]: HTTP Request {
  "service": "lhcBack",
  "version": "1.0.0",
  "method": "DELETE",
  "path": "/51d7a85c-ce05-4c37-a45f-809cb22cec39/stock/XXXS",
  "statusCode": 404,
  "duration": "12 ms",
  "userId": "a04f0d26-6724-4c67-abb2-d8305bae1dd9",
  "ip": "::ffff:127.0.0.1",
  "contentLength": "115"
}
17:32:39 [[33mwarn[39m]: HTTP Request {
  "service": "lhcBack",
  "version": "1.0.0",
  "method": "DELETE",
  "path": "/51d7a85c-ce05-4c37-a45f-809cb22cec39/stock/S",
  "statusCode": 403,
  "duration": "3 ms",
  "userId": "c75d2b3d-1973-4345-ac91-469f0f7bc78e",
  "ip": "::ffff:127.0.0.1",
  "contentLength": "89"
}
17:32:39 [[32minfo[39m]: File upload check {
  "service": "lhcBack",
  "version": "1.0.0",
  "fieldname": "productImage",
  "mimetype": "image/png",
  "originalname": "test2.png"
}
17:32:39 [[32minfo[39m]: Local file deleted {
  "service": "lhcBack",
  "version": "1.0.0",
  "fullPath": "C:\\Users\\td596\\OneDrive\\Bureau\\Code\\appCoach\\lhcBack\\public\\productImage\\1775230358792.png"
}
17:32:39 [[32minfo[39m]: HTTP Request {
  "service": "lhcBack",
  "version": "1.0.0",
  "method": "PUT",
  "path": "/51d7a85c-ce05-4c37-a45f-809cb22cec39/image",
  "statusCode": 200,
  "duration": "81 ms",
  "userId": "a04f0d26-6724-4c67-abb2-d8305bae1dd9",
  "ip": "::ffff:127.0.0.1",
  "contentLength": "277"
}
17:32:39 [[33mwarn[39m]: HTTP Request {
  "service": "lhcBack",
  "version": "1.0.0",
  "method": "PUT",
  "path": "/51d7a85c-ce05-4c37-a45f-809cb22cec39/image",
  "statusCode": 400,
  "duration": "4 ms",
  "userId": "a04f0d26-6724-4c67-abb2-d8305bae1dd9",
  "ip": "::ffff:127.0.0.1",
  "contentLength": "99"
}
17:32:40 [[33mwarn[39m]: HTTP Request {
  "service": "lhcBack",
  "version": "1.0.0",
  "method": "PUT",
  "path": "/51d7a85c-ce05-4c37-a45f-809cb22cec39/image",
  "statusCode": 403,
  "duration": "5 ms",
  "userId": "c75d2b3d-1973-4345-ac91-469f0f7bc78e",
  "ip": "::ffff:127.0.0.1",
  "contentLength": "89"
}
17:32:40 [[33mwarn[39m]: HTTP Request {
  "service": "lhcBack",
  "version": "1.0.0",
  "method": "DELETE",
  "path": "/51d7a85c-ce05-4c37-a45f-809cb22cec39",
  "statusCode": 403,
  "duration": "4 ms",
  "userId": "c75d2b3d-1973-4345-ac91-469f0f7bc78e",
  "ip": "::ffff:127.0.0.1",
  "contentLength": "89"
}
17:32:40 [[32minfo[39m]: Local file deleted {
  "service": "lhcBack",
  "version": "1.0.0",
  "fullPath": "C:\\Users\\td596\\OneDrive\\Bureau\\Code\\appCoach\\lhcBack\\public\\productImage\\1775230359879.png"
}
17:32:40 [[32minfo[39m]: HTTP Request {
  "service": "lhcBack",
  "version": "1.0.0",
  "method": "DELETE",
  "path": "/51d7a85c-ce05-4c37-a45f-809cb22cec39",
  "statusCode": 200,
  "duration": "29 ms",
  "userId": "a04f0d26-6724-4c67-abb2-d8305bae1dd9",
  "ip": "::ffff:127.0.0.1",
  "contentLength": "96"
}
17:32:40 [[33mwarn[39m]: HTTP Request {
  "service": "lhcBack",
  "version": "1.0.0",
  "method": "DELETE",
  "path": "/51d7a85c-ce05-4c37-a45f-809cb22cec39",
  "statusCode": 404,
  "duration": "9 ms",
  "userId": "a04f0d26-6724-4c67-abb2-d8305bae1dd9",
  "ip": "::ffff:127.0.0.1",
  "contentLength": "99"
}
FAIL test/9-shop.test.ts
  Test CRUD Produits & Stocks (Shop)
    CREATE PRODUCT (POST /api/shop)
      ÔêÜ COACH -> Autoris├® ├á cr├®er un produit avec image (258 ms)
      ÔêÜ ATHLETE -> Interdit de cr├®er un produit (403) (31 ms)
      ÔêÜ COACH -> Echec si champs requis manquants (Zod) (37 ms)
      ÔêÜ NO TOKEN -> Non autoris├® (401) (28 ms)
    GET ALL PRODUCTS (GET /api/shop)
      ÔêÜ COACH -> Autoris├® (46 ms)
      ÔêÜ ATHLETE -> Autoris├® (acc├¿s lecture) (34 ms)
      ÔêÜ NO TOKEN -> Non autoris├® (401) (23 ms)
    GET PRODUCT BY ID (GET /api/shop/:id)
      ÔêÜ COACH -> R├®cup├¿re un produit existant (37 ms)
      ├ù COACH -> 404 sur un ID inexistant (27 ms)
      ÔêÜ ATHLETE -> Autoris├® ├á lire un produit (34 ms)
    UPDATE PRICE (PUT /api/shop/:id/price)
      ÔêÜ COACH -> Modifie le prix (74 ms)
      ÔêÜ ATHLETE -> Interdit de modifier le prix (403) (30 ms)
      ÔêÜ COACH -> 404 sur un ID inexistant (33 ms)
    UPDATE STOCK (PUT /api/shop/:id/stock/:size)
      ÔêÜ COACH -> Met ├á jour la quantit├® d'une taille (96 ms)
      ÔêÜ ATHLETE -> Interdit (403) (27 ms)
      ÔêÜ COACH -> 404 si taille introuvable (33 ms)
    ADD SIZE (POST /api/shop/:id/size)
      ÔêÜ COACH -> Ajoute une nouvelle taille (55 ms)
      ÔêÜ COACH -> Echec si taille d├®j├á existante (39 ms)
      ÔêÜ COACH -> Echec si taille manquante dans le body (26 ms)
      ÔêÜ ATHLETE -> Interdit (403) (28 ms)
    DELETE SIZE (DELETE /api/shop/:id/stock/:size)
      ÔêÜ COACH -> Supprime une taille (40 ms)
      ÔêÜ COACH -> 404 si taille inexistante (32 ms)
      ÔêÜ ATHLETE -> Interdit (403) (28 ms)
    UPDATE IMAGE (PUT /api/shop/:id/image)
      ÔêÜ COACH -> Met ├á jour l'image du produit (118 ms)
      ÔêÜ COACH -> Echec sans fichier joint (26 ms)
      ÔêÜ ATHLETE -> Interdit (403) (23 ms)
    DELETE PRODUCT (DELETE /api/shop/:id)
      ÔêÜ ATHLETE -> Interdit (403) (28 ms)
      ÔêÜ COACH -> Supprime le produit (et image associ├®e) (52 ms)
      ÔêÜ COACH -> 404 sur un produit d├®j├á supprim├® (36 ms)

  ÔùÅ Test CRUD Produits & Stocks (Shop) ÔÇ║ GET PRODUCT BY ID (GET /api/shop/:id) ÔÇ║ COACH -> 404 sur un ID 
inexistant

    expect(received).toBe(expected) // Object.is equality

    Expected: 404
    Received: 400

    [0m [90m 161 |[39m         [33m.[39m[36mset[39m([32m'Authorization'[39m[33m,[39m [32m`Bearer 
${coachToken}`[39m)
     [90m 162 |[39m
    [31m[1m>[22m[39m[90m 163 |[39m       expect(res[33m.[39mstatus)[33m.[39mtoBe([35m404[39m)
     [90m     |[39m                          [31m[1m^[22m[39m
     [90m 164 |[39m     })
     [90m 165 |[39m
     [90m 166 |[39m     it([32m'ATHLETE -> Autoris├® ├á lire un produit'[39m[33m,[39m [36masync[39m () 
[33m=>[39m {[0m

      at Object.<anonymous> (test/9-shop.test.ts:163:26)

  console.log
    [dotenv@17.3.1] injecting env (0) from .env.test -- tip: ÔÜÖ´©Å  specify custom .env file path with { path: '/custom/path/.env' }

      at _log (node_modules/dotenv/lib/main.js:139:11)

17:32:41 [[32minfo[39m]: Redis connected successfully {
  "service": "lhcBack",
  "version": "1.0.0"
}
17:32:42 [[32minfo[39m]: Roles seeded successfully {
  "service": "lhcBack",
  "version": "1.0.0"
}
17:32:42 [[32minfo[39m]: Server is running on port 4000 {
  "service": "lhcBack",
  "version": "1.0.0",
  "port": 4000,
  "env": "test",
  "timeStamp": "2026-04-03T15:32:42.199Z"
}
17:32:42 [[32minfo[39m]: HTTP Request {
  "service": "lhcBack",
  "version": "1.0.0",
  "method": "POST",
  "path": "/",
  "statusCode": 201,
  "duration": "78 ms",
  "userId": "e16a0d42-8003-4cff-8775-8cf570e2af15",
  "ip": "::ffff:127.0.0.1",
  "contentLength": "1066"
}
17:32:42 [[33mwarn[39m]: HTTP Request {
  "service": "lhcBack",
  "version": "1.0.0",
  "method": "POST",
  "path": "/",
  "statusCode": 400,
  "duration": "5 ms",
  "userId": "e16a0d42-8003-4cff-8775-8cf570e2af15",
  "ip": "::ffff:127.0.0.1",
  "contentLength": "98"
}
17:32:42 [[32minfo[39m]: HTTP Request {
  "service": "lhcBack",
  "version": "1.0.0",
  "method": "GET",
  "path": "/my",
  "statusCode": 200,
  "duration": "28 ms",
  "userId": "e16a0d42-8003-4cff-8775-8cf570e2af15",
  "ip": "::ffff:127.0.0.1",
  "contentLength": "754"
}
17:32:42 [[32minfo[39m]: HTTP Request {
  "service": "lhcBack",
  "version": "1.0.0",
  "method": "GET",
  "path": "/",
  "statusCode": 200,
  "duration": "21 ms",
  "userId": "ce55c595-cbbc-431d-a385-36e9a26027d8",
  "ip": "::ffff:127.0.0.1",
  "contentLength": "1068"
}
17:32:42 [[32minfo[39m]: HTTP Request {
  "service": "lhcBack",
  "version": "1.0.0",
  "method": "GET",
  "path": "/summary",
  "statusCode": 200,
  "duration": "36 ms",
  "userId": "ce55c595-cbbc-431d-a385-36e9a26027d8",
  "ip": "::ffff:127.0.0.1",
  "contentLength": "184"
}
17:32:42 [[33mwarn[39m]: HTTP Request {
  "service": "lhcBack",
  "version": "1.0.0",
  "method": "GET",
  "path": "/",
  "statusCode": 403,
  "duration": "7 ms",
  "userId": "e16a0d42-8003-4cff-8775-8cf570e2af15",
  "ip": "::ffff:127.0.0.1",
  "contentLength": "89"
}
17:32:42 [[31merror[39m]: HTTP Request {
  "service": "lhcBack",
  "version": "1.0.0",
  "method": "PATCH",
  "path": "/acd05dd4-956e-4a85-a11e-f371ccf28728/status",
  "statusCode": 500,
  "duration": "191 ms",
  "userId": "ce55c595-cbbc-431d-a385-36e9a26027d8",
  "ip": "::ffff:127.0.0.1",
  "contentLength": "110"
}
17:32:42 [[33mwarn[39m]: HTTP Request {
  "service": "lhcBack",
  "version": "1.0.0",
  "method": "PATCH",
  "path": "/acd05dd4-956e-4a85-a11e-f371ccf28728/status",
  "statusCode": 400,
  "duration": "5 ms",
  "userId": "ce55c595-cbbc-431d-a385-36e9a26027d8",
  "ip": "::ffff:127.0.0.1",
  "contentLength": "124"
}
17:32:43 [[32minfo[39m]: HTTP Request {
  "service": "lhcBack",
  "version": "1.0.0",
  "method": "PATCH",
  "path": "/acd05dd4-956e-4a85-a11e-f371ccf28728/status",
  "statusCode": 200,
  "duration": "58 ms",
  "userId": "ce55c595-cbbc-431d-a385-36e9a26027d8",
  "ip": "::ffff:127.0.0.1",
  "contentLength": "1068"
}
17:32:43 [[32minfo[39m]: HTTP Request {
  "service": "lhcBack",
  "version": "1.0.0",
  "method": "POST",
  "path": "/",
  "statusCode": 201,
  "duration": "56 ms",
  "userId": "e16a0d42-8003-4cff-8775-8cf570e2af15",
  "ip": "::ffff:127.0.0.1",
  "contentLength": "1066"
}
17:32:43 [[32minfo[39m]: HTTP Request {
  "service": "lhcBack",
  "version": "1.0.0",
  "method": "DELETE",
  "path": "/a0a64975-8b52-4daf-a2a0-2cf0dbc965ef",
  "statusCode": 200,
  "duration": "46 ms",
  "userId": "e16a0d42-8003-4cff-8775-8cf570e2af15",
  "ip": "::ffff:127.0.0.1",
  "contentLength": "96"
}
17:32:43 [[32minfo[39m]: HTTP Request {
  "service": "lhcBack",
  "version": "1.0.0",
  "method": "POST",
  "path": "/",
  "statusCode": 201,
  "duration": "71 ms",
  "userId": "e16a0d42-8003-4cff-8775-8cf570e2af15",
  "ip": "::ffff:127.0.0.1",
  "contentLength": "1066"
}
17:32:43 [[32minfo[39m]: HTTP Request {
  "service": "lhcBack",
  "version": "1.0.0",
  "method": "PATCH",
  "path": "/14a8dd8c-413e-4ee1-80ef-6cce9d5eb4b4/status",
  "statusCode": 200,
  "duration": "68 ms",
  "userId": "ce55c595-cbbc-431d-a385-36e9a26027d8",
  "ip": "::ffff:127.0.0.1",
  "contentLength": "1068"
}
17:32:43 [[33mwarn[39m]: HTTP Request {
  "service": "lhcBack",
  "version": "1.0.0",
  "method": "DELETE",
  "path": "/14a8dd8c-413e-4ee1-80ef-6cce9d5eb4b4",
  "statusCode": 400,
  "duration": "16 ms",
  "userId": "e16a0d42-8003-4cff-8775-8cf570e2af15",
  "ip": "::ffff:127.0.0.1",
  "contentLength": "129"
}
FAIL test/8-order.test.ts
  Test E-commerce Orders & Stocks API (Shop)
    CREATE ORDER (POST /api/order)
      ÔêÜ ATHLETE -> Should create an order and deduct stock (133 ms)
      ÔêÜ ATHLETE -> Should fail tracking if empty cart (28 ms)
    GET ATHLETE ORDERS (GET /api/order/my)
      ÔêÜ ATHLETE -> Authorize & Ensure proper list (51 ms)
    GET ALL ORDERS & SUMMARY (GET /api/order/)
      ÔêÜ COACH -> Allowed to view global orders history (42 ms)
      ÔêÜ COACH -> Fetches accurate production summary (62 ms)
      ÔêÜ ATHLETE -> Blocked from viewing coach overview (36 ms)
    UPDATE ORDER STATUS (PATCH /api/order/:id/status)
      ├ù COACH -> Status modification validation (231 ms)
      ÔêÜ COACH -> Fails validation on invalid ENUM status (Zod test) (26 ms)
      ÔêÜ COACH -> Re-increments stocks when a coach CANCEL an order recursively (87 ms)
    CANCEL ORDER (DELETE /api/order/:id)
      ÔêÜ ATHLETE -> Allowed to self-cancel and retrieve stock (94 ms)
      ÔêÜ ATHLETE -> Should fail to cancel a COMPLETED order (257 ms)

  ÔùÅ Test E-commerce Orders & Stocks API (Shop) ÔÇ║ UPDATE ORDER STATUS (PATCH /api/order/:id/status) ÔÇ║ COACH -> 
Status modification validation

    expect(received).toBe(expected) // Object.is equality

    Expected: 200
    Received: 500

    [0m [90m 168 |[39m         [33m.[39msend({ status[33m:[39m [32m'PROCESSING'[39m })
     [90m 169 |[39m
    [31m[1m>[22m[39m[90m 170 |[39m       expect(res[33m.[39mstatus)[33m.[39mtoBe([35m200[39m)
     [90m     |[39m                          [31m[1m^[22m[39m
     [90m 171 |[39m       expect(res[33m.[39mbody[33m.[39mdata[[35m0[39m][33m.[39mmessage[33m.[39mstatus)[
33m.[39mtoBe([32m'PROCESSING'[39m)
     [90m 172 |[39m     })
     [90m 173 |[39m[0m

      at Object.<anonymous> (test/8-order.test.ts:170:26)

  console.log
    [dotenv@17.3.1] injecting env (0) from .env.test -- tip: ­ƒøí´©Å auth for agents: https://vestauth.com

      at _log (node_modules/dotenv/lib/main.js:139:11)

17:32:44 [[32minfo[39m]: Redis connected successfully {
  "service": "lhcBack",
  "version": "1.0.0"
}
17:32:45 [[32minfo[39m]: Roles seeded successfully {
  "service": "lhcBack",
  "version": "1.0.0"
}
17:32:45 [[32minfo[39m]: Server is running on port 4000 {
  "service": "lhcBack",
  "version": "1.0.0",
  "port": 4000,
  "env": "test",
  "timeStamp": "2026-04-03T15:32:45.122Z"
}
(node:12152) DeprecationWarning: Calling client.query() when the client is already executing a query is deprecated and 
will be removed in pg@9.0. Use asycn/await or an external async flow control mechanism instead.
17:32:45 [[32minfo[39m]: HTTP Request {
  "service": "lhcBack",
  "version": "1.0.0",
  "method": "POST",
  "path": "/",
  "statusCode": 201,
  "duration": "399 ms",
  "userId": "1",
  "ip": "::ffff:127.0.0.1",
  "contentLength": "440"
}
17:32:45 [[32minfo[39m]: HTTP Request {
  "service": "lhcBack",
  "version": "1.0.0",
  "method": "POST",
  "path": "/",
  "statusCode": 201,
  "duration": "256 ms",
  "userId": "1",
  "ip": "::ffff:127.0.0.1",
  "contentLength": "442"
}
17:32:45 [[32minfo[39m]: File upload check {
  "service": "lhcBack",
  "version": "1.0.0",
  "fieldname": "programFile",
  "mimetype": "application/vnd.openxmlformats-officedocument.spreadsheetml.sheet",
  "originalname": "test.xlsx"
}
17:32:46 [[32minfo[39m]: HTTP Request {
  "service": "lhcBack",
  "version": "1.0.0",
  "method": "POST",
  "path": "/b21e51c4-56a4-4d2b-a70a-fcb807412046",
  "statusCode": 201,
  "duration": "62 ms",
  "userId": "1",
  "ip": "::ffff:127.0.0.1",
  "contentLength": "308"
}
17:32:46 [[33mwarn[39m]: HTTP Request {
  "service": "lhcBack",
  "version": "1.0.0",
  "method": "POST",
  "path": "/f57dc0c5-baaf-433a-b3dc-d5b2d0ab498d",
  "statusCode": 403,
  "duration": "6 ms",
  "userId": "2",
  "ip": "::ffff:127.0.0.1",
  "contentLength": "89"
}
17:32:46 [[33mwarn[39m]: HTTP Request {
  "service": "lhcBack",
  "version": "1.0.0",
  "method": "POST",
  "path": "/f57dc0c5-baaf-433a-b3dc-d5b2d0ab498d",
  "statusCode": 400,
  "duration": "5 ms",
  "userId": "1",
  "ip": "::ffff:127.0.0.1",
  "contentLength": "96"
}
17:32:46 [[33mwarn[39m]: HTTP Request {
  "service": "lhcBack",
  "version": "1.0.0",
  "method": "POST",
  "path": "/f57dc0c5-baaf-433a-b3dc-d5b2d0ab498d",
  "statusCode": 401,
  "duration": "6 ms",
  "userId": "anonymous",
  "ip": "::ffff:127.0.0.1",
  "contentLength": "92"
}
17:32:46 [[32minfo[39m]: HTTP Request {
  "service": "lhcBack",
  "version": "1.0.0",
  "method": "GET",
  "path": "/b21e51c4-56a4-4d2b-a70a-fcb807412046",
  "statusCode": 200,
  "duration": "16 ms",
  "userId": "1",
  "ip": "::ffff:127.0.0.1",
  "contentLength": "310"
}
17:32:46 [[32minfo[39m]: HTTP Request {
  "service": "lhcBack",
  "version": "1.0.0",
  "method": "GET",
  "path": "/f57dc0c5-baaf-433a-b3dc-d5b2d0ab498d",
  "statusCode": 200,
  "duration": "12 ms",
  "userId": "2",
  "ip": "::ffff:127.0.0.1",
  "contentLength": "79"
}
17:32:46 [[33mwarn[39m]: HTTP Request {
  "service": "lhcBack",
  "version": "1.0.0",
  "method": "GET",
  "path": "/f57dc0c5-baaf-433a-b3dc-d5b2d0ab498d",
  "statusCode": 403,
  "duration": "6 ms",
  "userId": "3",
  "ip": "::ffff:127.0.0.1",
  "contentLength": "89"
}
17:32:46 [[33mwarn[39m]: HTTP Request {
  "service": "lhcBack",
  "version": "1.0.0",
  "method": "GET",
  "path": "/f57dc0c5-baaf-433a-b3dc-d5b2d0ab498d",
  "statusCode": 401,
  "duration": "5 ms",
  "userId": "anonymous",
  "ip": "::ffff:127.0.0.1",
  "contentLength": "92"
}
17:32:46 [[32minfo[39m]: File upload check {
  "service": "lhcBack",
  "version": "1.0.0",
  "fieldname": "programFile",
  "mimetype": "application/vnd.openxmlformats-officedocument.spreadsheetml.sheet",
  "originalname": "test.xlsx"
}
17:32:46 [[32minfo[39m]: HTTP Request {
  "service": "lhcBack",
  "version": "1.0.0",
  "method": "POST",
  "path": "/b21e51c4-56a4-4d2b-a70a-fcb807412046",
  "statusCode": 201,
  "duration": "45 ms",
  "userId": "1",
  "ip": "::ffff:127.0.0.1",
  "contentLength": "308"
}
17:32:46 [[32minfo[39m]: HTTP Request {
  "service": "lhcBack",
  "version": "1.0.0",
  "method": "GET",
  "path": "/b21e51c4-56a4-4d2b-a70a-fcb807412046",
  "statusCode": 200,
  "duration": "13 ms",
  "userId": "1",
  "ip": "::ffff:127.0.0.1",
  "contentLength": "542"
}
  console.log
    programName {
      message: [
        {
          id: 'bd814fd7-876e-402b-9b39-7236b633853b',
          name: '1775230366361',
          fileUri: '/prog/1775230366361.xlsx',
          userId: 'b21e51c4-56a4-4d2b-a70a-fcb807412046',
          createdAt: '2026-04-03T15:32:46.382Z',
          updatedAt: '2026-04-03T15:32:46.382Z'
        },
        {
          id: '3b082742-f84e-4f5e-befa-0a8f6ea66224',
          name: '1775230365967',
          fileUri: '/prog/1775230365967.xlsx',
          userId: 'b21e51c4-56a4-4d2b-a70a-fcb807412046',
          createdAt: '2026-04-03T15:32:46.002Z',
          updatedAt: '2026-04-03T15:32:46.002Z'
        }
      ]
    }

      at Object.<anonymous> (test/7-program.test.ts:158:15)

17:32:46 [[33mwarn[39m]: HTTP Request {
  "service": "lhcBack",
  "version": "1.0.0",
  "method": "DELETE",
  "path": "/b21e51c4-56a4-4d2b-a70a-fcb807412046",
  "statusCode": 400,
  "duration": "6 ms",
  "userId": "anonymous",
  "ip": "::ffff:127.0.0.1",
  "contentLength": "138"
}
17:32:46 [[33mwarn[39m]: HTTP Request {
  "service": "lhcBack",
  "version": "1.0.0",
  "method": "DELETE",
  "path": "/f57dc0c5-baaf-433a-b3dc-d5b2d0ab498d",
  "statusCode": 400,
  "duration": "6 ms",
  "userId": "anonymous",
  "ip": "::ffff:127.0.0.1",
  "contentLength": "138"
}
17:32:46 [[33mwarn[39m]: HTTP Request {
  "service": "lhcBack",
  "version": "1.0.0",
  "method": "DELETE",
  "path": "/f57dc0c5-baaf-433a-b3dc-d5b2d0ab498d",
  "statusCode": 400,
  "duration": "8 ms",
  "userId": "anonymous",
  "ip": "::ffff:127.0.0.1",
  "contentLength": "138"
}
17:32:46 [[33mwarn[39m]: HTTP Request {
  "service": "lhcBack",
  "version": "1.0.0",
  "method": "DELETE",
  "path": "/f57dc0c5-baaf-433a-b3dc-d5b2d0ab498d",
  "statusCode": 400,
  "duration": "5 ms",
  "userId": "anonymous",
  "ip": "::ffff:127.0.0.1",
  "contentLength": "138"
}
FAIL test/7-program.test.ts
  Test CRUD pour les programmes utilisateurs
    CREATE PROGRAM (POST /api/user/program/:id)
      ÔêÜ COACH -> Authorize (105 ms)
      ÔêÜ ATHLETE -> Unauthorize (38 ms)
      ÔêÜ NO FILE -> Erreur (40 ms)
      ÔêÜ NO TOKEN -> Unauthorized (39 ms)
    GET PROGRAM (GET /api/user/program/:id)
      ÔêÜ COACH -> Authorize (49 ms)
      ÔêÜ ATHLETE_PROG -> Authorize (son propre programme) (45 ms)
      ÔêÜ ATHLETE_CO -> Unauthorize (37 ms)
      ÔêÜ NO TOKEN -> Unauthorized (38 ms)
    DELETE PROGRAM (DELETE /api/user/program/:id)
      ├ù COACH -> Authorize (171 ms)
      ├ù ATHLETE -> Unauthorize (76 ms)
      ├ù PROGRAM NOT FOUND -> 404 (50 ms)
      ├ù NO TOKEN -> Unauthorized (45 ms)

  ÔùÅ Test CRUD pour les programmes utilisateurs ÔÇ║ DELETE PROGRAM (DELETE /api/user/program/:id) ÔÇ║ COACH -> 
Authorize

    expect(received).toBe(expected) // Object.is equality

    Expected: true
    Received: false

    [0m [90m 163 |[39m         [33m.[39msend({ name[33m:[39m programName })
     [90m 164 |[39m
    [31m[1m>[22m[39m[90m 165 |[39m       
expect(res[33m.[39mbody[33m.[39msuccess)[33m.[39mtoBe([36mtrue[39m)
     [90m     |[39m                                [31m[1m^[22m[39m
     [90m 166 |[39m       
expect(res[33m.[39mbody[33m.[39mdata[[35m0[39m][33m.[39mmessage)[33m.[39mtoBe([32m'Programme 
supprim├®'[39m)
     [90m 167 |[39m     })
     [90m 168 |[39m[0m

      at Object.<anonymous> (test/7-program.test.ts:165:32)

  ÔùÅ Test CRUD pour les programmes utilisateurs ÔÇ║ DELETE PROGRAM (DELETE /api/user/program/:id) ÔÇ║ ATHLETE -> 
Unauthorize

    expect(received).toBe(expected) // Object.is equality

    Expected: 403
    Received: 400

    [0m [90m 173 |[39m         [33m.[39msend({ name[33m:[39m [32m'test'[39m })
     [90m 174 |[39m
    [31m[1m>[22m[39m[90m 175 |[39m       expect(res[33m.[39mstatus)[33m.[39mtoBe([35m403[39m)
     [90m     |[39m                          [31m[1m^[22m[39m
     [90m 176 |[39m     })
     [90m 177 |[39m
     [90m 178 |[39m     it([32m'PROGRAM NOT FOUND -> 404'[39m[33m,[39m [36masync[39m () [33m=>[39m {[0m

      at Object.<anonymous> (test/7-program.test.ts:175:26)

  ÔùÅ Test CRUD pour les programmes utilisateurs ÔÇ║ DELETE PROGRAM (DELETE /api/user/program/:id) ÔÇ║ PROGRAM NOT 
FOUND -> 404

    expect(received).toBe(expected) // Object.is equality

    Expected: "Aucun programme trouv├® pour cet utilisateur"
    Received: "l'id du programme doit ├¬tre un nombre valide"

    [0m [90m 183 |[39m
     [90m 184 |[39m       expect(res[33m.[39mbody[33m.[39msuccess)[33m.[39mtoBe([36mfalse[39m)
    [31m[1m>[22m[39m[90m 185 |[39m       
expect(res[33m.[39mbody[33m.[39mdata[[35m0[39m][33m.[39mmessage)[33m.[39mtoBe(
     [90m     |[39m                                        [31m[1m^[22m[39m
     [90m 186 |[39m         [32m'Aucun programme trouv├® pour cet utilisateur'[39m[33m,[39m
     [90m 187 |[39m       )
     [90m 188 |[39m     })[0m

      at Object.<anonymous> (test/7-program.test.ts:185:40)

  ÔùÅ Test CRUD pour les programmes utilisateurs ÔÇ║ DELETE PROGRAM (DELETE /api/user/program/:id) ÔÇ║ NO TOKEN -> 
Unauthorized

    expect(received).toBe(expected) // Object.is equality

    Expected: 401
    Received: 400

    [0m [90m 193 |[39m         [33m.[39msend({ name[33m:[39m [32m'test'[39m })
     [90m 194 |[39m
    [31m[1m>[22m[39m[90m 195 |[39m       expect(res[33m.[39mstatus)[33m.[39mtoBe([35m401[39m)
     [90m     |[39m                          [31m[1m^[22m[39m
     [90m 196 |[39m     })
     [90m 197 |[39m   })
     [90m 198 |[39m })[0m

      at Object.<anonymous> (test/7-program.test.ts:195:26)

  console.log
    [dotenv@17.3.1] injecting env (0) from .env.test -- tip: ­ƒöÉ prevent building .env in docker: https://dotenvx.com/prebuild

      at _log (node_modules/dotenv/lib/main.js:139:11)

17:32:48 [[32minfo[39m]: Redis connected successfully {
  "service": "lhcBack",
  "version": "1.0.0"
}
17:32:48 [[32minfo[39m]: Roles seeded successfully {
  "service": "lhcBack",
  "version": "1.0.0"
}
17:32:48 [[32minfo[39m]: Server is running on port 4000 {
  "service": "lhcBack",
  "version": "1.0.0",
  "port": 4000,
  "env": "test",
  "timeStamp": "2026-04-03T15:32:48.597Z"
}
(node:12152) DeprecationWarning: Calling client.query() when the client is already executing a query is deprecated and 
will be removed in pg@9.0. Use asycn/await or an external async flow control mechanism instead.
17:32:49 [[32minfo[39m]: HTTP Request {
  "service": "lhcBack",
  "version": "1.0.0",
  "method": "POST",
  "path": "/coach",
  "statusCode": 201,
  "duration": "295 ms",
  "userId": "98",
  "ip": "::ffff:127.0.0.1",
  "contentLength": "433"
}
17:32:49 [[32minfo[39m]: HTTP Request {
  "service": "lhcBack",
  "version": "1.0.0",
  "method": "POST",
  "path": "/",
  "statusCode": 201,
  "duration": "184 ms",
  "userId": "8b122d84-90db-40b9-b4da-859353598b74",
  "ip": "::ffff:127.0.0.1",
  "contentLength": "442"
}
17:32:49 [[32minfo[39m]: HTTP Request {
  "service": "lhcBack",
  "version": "1.0.0",
  "method": "POST",
  "path": "/",
  "statusCode": 201,
  "duration": "186 ms",
  "userId": "8b122d84-90db-40b9-b4da-859353598b74",
  "ip": "::ffff:127.0.0.1",
  "contentLength": "442"
}
17:32:49 [[32minfo[39m]: HTTP Request {
  "service": "lhcBack",
  "version": "1.0.0",
  "method": "POST",
  "path": "/",
  "statusCode": 201,
  "duration": "173 ms",
  "userId": "8b122d84-90db-40b9-b4da-859353598b74",
  "ip": "::ffff:127.0.0.1",
  "contentLength": "442"
}
17:32:49 [[32minfo[39m]: HTTP Request {
  "service": "lhcBack",
  "version": "1.0.0",
  "method": "POST",
  "path": "/",
  "statusCode": 201,
  "duration": "171 ms",
  "userId": "8b122d84-90db-40b9-b4da-859353598b74",
  "ip": "::ffff:127.0.0.1",
  "contentLength": "442"
}
17:32:50 [[32minfo[39m]: HTTP Request {
  "service": "lhcBack",
  "version": "1.0.0",
  "method": "POST",
  "path": "/",
  "statusCode": 201,
  "duration": "178 ms",
  "userId": "8b122d84-90db-40b9-b4da-859353598b74",
  "ip": "::ffff:127.0.0.1",
  "contentLength": "442"
}
17:32:50 [[32minfo[39m]: HTTP Request {
  "service": "lhcBack",
  "version": "1.0.0",
  "method": "POST",
  "path": "/",
  "statusCode": 201,
  "duration": "17 ms",
  "userId": "8b122d84-90db-40b9-b4da-859353598b74",
  "ip": "::ffff:127.0.0.1",
  "contentLength": "398"
}
17:32:50 [[32minfo[39m]: HTTP Request {
  "service": "lhcBack",
  "version": "1.0.0",
  "method": "POST",
  "path": "/register",
  "statusCode": 200,
  "duration": "45 ms",
  "userId": "ac44640e-827e-467c-974f-e2c6262fac35",
  "ip": "::ffff:127.0.0.1",
  "contentLength": "298"
}
17:32:50 [[33mwarn[39m]: HTTP Request {
  "service": "lhcBack",
  "version": "1.0.0",
  "method": "POST",
  "path": "/register",
  "statusCode": 400,
  "duration": "21 ms",
  "userId": "ac44640e-827e-467c-974f-e2c6262fac35",
  "ip": "::ffff:127.0.0.1",
  "contentLength": "103"
}
17:32:50 [[32minfo[39m]: HTTP Request {
  "service": "lhcBack",
  "version": "1.0.0",
  "method": "POST",
  "path": "/register",
  "statusCode": 200,
  "duration": "33 ms",
  "userId": "bb89ed58-725d-4df8-a1f7-548fe5beba04",
  "ip": "::ffff:127.0.0.1",
  "contentLength": "298"
}
17:32:50 [[32minfo[39m]: HTTP Request {
  "service": "lhcBack",
  "version": "1.0.0",
  "method": "POST",
  "path": "/register",
  "statusCode": 200,
  "duration": "33 ms",
  "userId": "762e754f-b94b-4b59-9d47-c39310c4ca5f",
  "ip": "::ffff:127.0.0.1",
  "contentLength": "298"
}
17:32:50 [[33mwarn[39m]: HTTP Request {
  "service": "lhcBack",
  "version": "1.0.0",
  "method": "POST",
  "path": "/register",
  "statusCode": 400,
  "duration": "33 ms",
  "userId": "f17398fa-0ee7-4c44-a59b-c4fac93b9576",
  "ip": "::ffff:127.0.0.1",
  "contentLength": "93"
}
17:32:50 [[33mwarn[39m]: HTTP Request {
  "service": "lhcBack",
  "version": "1.0.0",
  "method": "POST",
  "path": "/register",
  "statusCode": 404,
  "duration": "19 ms",
  "userId": "975c9589-a30d-4ad5-83bb-cc93ad6b4aef",
  "ip": "::ffff:127.0.0.1",
  "contentLength": "97"
}
17:32:50 [[33mwarn[39m]: HTTP Request {
  "service": "lhcBack",
  "version": "1.0.0",
  "method": "POST",
  "path": "/register",
  "statusCode": 400,
  "duration": "46 ms",
  "userId": "8b122d84-90db-40b9-b4da-859353598b74",
  "ip": "::ffff:127.0.0.1",
  "contentLength": "93"
}
17:32:50 [[33mwarn[39m]: HTTP Request {
  "service": "lhcBack",
  "version": "1.0.0",
  "method": "POST",
  "path": "/register",
  "statusCode": 401,
  "duration": "5 ms",
  "userId": "anonymous",
  "ip": "::ffff:127.0.0.1",
  "contentLength": "92"
}
17:32:50 [[32minfo[39m]: HTTP Request {
  "service": "lhcBack",
  "version": "1.0.0",
  "method": "POST",
  "path": "/unregister",
  "statusCode": 200,
  "duration": "38 ms",
  "userId": "ac44640e-827e-467c-974f-e2c6262fac35",
  "ip": "::ffff:127.0.0.1",
  "contentLength": "298"
}
17:32:50 [[33mwarn[39m]: HTTP Request {
  "service": "lhcBack",
  "version": "1.0.0",
  "method": "POST",
  "path": "/unregister",
  "statusCode": 400,
  "duration": "22 ms",
  "userId": "ac44640e-827e-467c-974f-e2c6262fac35",
  "ip": "::ffff:127.0.0.1",
  "contentLength": "100"
}
17:32:50 [[33mwarn[39m]: HTTP Request {
  "service": "lhcBack",
  "version": "1.0.0",
  "method": "POST",
  "path": "/unregister",
  "statusCode": 404,
  "duration": "15 ms",
  "userId": "bb89ed58-725d-4df8-a1f7-548fe5beba04",
  "ip": "::ffff:127.0.0.1",
  "contentLength": "97"
}
17:32:50 [[32minfo[39m]: HTTP Request {
  "service": "lhcBack",
  "version": "1.0.0",
  "method": "POST",
  "path": "/unregister",
  "statusCode": 200,
  "duration": "37 ms",
  "userId": "8b122d84-90db-40b9-b4da-859353598b74",
  "ip": "::ffff:127.0.0.1",
  "contentLength": "298"
}
17:32:50 [[33mwarn[39m]: HTTP Request {
  "service": "lhcBack",
  "version": "1.0.0",
  "method": "POST",
  "path": "/unregister",
  "statusCode": 401,
  "duration": "9 ms",
  "userId": "anonymous",
  "ip": "::ffff:127.0.0.1",
  "contentLength": "92"
}
PASS test/4-register.test.ts
  REGISTER/UNREGISTER
    REGISTER (POST /api/course/register)
      ÔêÜ ATHLETE -> Succ├¿s inscription (74 ms)
      ÔêÜ ATHLETE -> D├®j├á inscrit (48 ms)
      ÔêÜ COURS COMPLET -> 400 (176 ms)
      ÔêÜ COURS INEXISTANT -> 404 (46 ms)
      ÔêÜ COACH -> Unauthorize (82 ms)
      ÔêÜ NO TOKEN -> Unauthorized (40 ms)
    UNREGISTER (POST /api/course/unregister)
      ÔêÜ ATHLETE -> Succ├¿s d├®sinscription (74 ms)
      ÔêÜ ATHLETE -> Non inscrit (59 ms)
      ÔêÜ COURS INEXISTANT -> 404 (55 ms)
      ÔêÜ COACH -> Authorized (73 ms)
      ÔêÜ NO TOKEN -> Unauthorized (48 ms)

  console.log
    [dotenv@17.3.1] injecting env (0) from .env.test -- tip: ­ƒøá´©Å  run anywhere with `dotenvx run -- yourcommand`

      at _log (node_modules/dotenv/lib/main.js:139:11)

17:32:52 [[32minfo[39m]: Redis connected successfully {
  "service": "lhcBack",
  "version": "1.0.0"
}
17:32:52 [[32minfo[39m]: Roles seeded successfully {
  "service": "lhcBack",
  "version": "1.0.0"
}
17:32:52 [[32minfo[39m]: Server is running on port 4000 {
  "service": "lhcBack",
  "version": "1.0.0",
  "port": 4000,
  "env": "test",
  "timeStamp": "2026-04-03T15:32:52.521Z"
}
(node:12152) DeprecationWarning: Calling client.query() when the client is already executing a query is deprecated and 
will be removed in pg@9.0. Use asycn/await or an external async flow control mechanism instead.
17:32:52 [[32minfo[39m]: HTTP Request {
  "service": "lhcBack",
  "version": "1.0.0",
  "method": "POST",
  "path": "/",
  "statusCode": 201,
  "duration": "328 ms",
  "userId": "1",
  "ip": "::ffff:127.0.0.1",
  "contentLength": "440"
}
17:32:53 [[32minfo[39m]: HTTP Request {
  "service": "lhcBack",
  "version": "1.0.0",
  "method": "POST",
  "path": "/",
  "statusCode": 201,
  "duration": "301 ms",
  "userId": "1",
  "ip": "::ffff:127.0.0.1",
  "contentLength": "440"
}
17:32:53 [[32minfo[39m]: HTTP Request {
  "service": "lhcBack",
  "version": "1.0.0",
  "method": "POST",
  "path": "/",
  "statusCode": 201,
  "duration": "23 ms",
  "userId": "1",
  "ip": "::ffff:127.0.0.1",
  "contentLength": "325"
}
17:32:53 [[33mwarn[39m]: HTTP Request {
  "service": "lhcBack",
  "version": "1.0.0",
  "method": "POST",
  "path": "/",
  "statusCode": 403,
  "duration": "7 ms",
  "userId": "2",
  "ip": "::ffff:127.0.0.1",
  "contentLength": "89"
}
17:32:53 [[33mwarn[39m]: HTTP Request {
  "service": "lhcBack",
  "version": "1.0.0",
  "method": "POST",
  "path": "/",
  "statusCode": 401,
  "duration": "3 ms",
  "userId": "anonymous",
  "ip": "::ffff:127.0.0.1",
  "contentLength": "92"
}
17:32:53 [[33mwarn[39m]: HTTP Request {
  "service": "lhcBack",
  "version": "1.0.0",
  "method": "POST",
  "path": "/",
  "statusCode": 400,
  "duration": "3 ms",
  "userId": "anonymous",
  "ip": "::ffff:127.0.0.1",
  "contentLength": "148"
}
17:32:53 [[33mwarn[39m]: HTTP Request {
  "service": "lhcBack",
  "version": "1.0.0",
  "method": "POST",
  "path": "/",
  "statusCode": 400,
  "duration": "3 ms",
  "userId": "anonymous",
  "ip": "::ffff:127.0.0.1",
  "contentLength": "144"
}
17:32:53 [[32minfo[39m]: HTTP Request {
  "service": "lhcBack",
  "version": "1.0.0",
  "method": "GET",
  "path": "/",
  "statusCode": 200,
  "duration": "32 ms",
  "userId": "1",
  "ip": "::ffff:127.0.0.1",
  "contentLength": "804"
}
17:32:53 [[32minfo[39m]: HTTP Request {
  "service": "lhcBack",
  "version": "1.0.0",
  "method": "GET",
  "path": "/",
  "statusCode": 200,
  "duration": "22 ms",
  "userId": "2",
  "ip": "::ffff:127.0.0.1",
  "contentLength": "804"
}
17:32:53 [[33mwarn[39m]: HTTP Request {
  "service": "lhcBack",
  "version": "1.0.0",
  "method": "GET",
  "path": "/",
  "statusCode": 401,
  "duration": "3 ms",
  "userId": "anonymous",
  "ip": "::ffff:127.0.0.1",
  "contentLength": "92"
}
17:32:53 [[32minfo[39m]: HTTP Request {
  "service": "lhcBack",
  "version": "1.0.0",
  "method": "GET",
  "path": "/",
  "statusCode": 200,
  "duration": "36 ms",
  "userId": "1",
  "ip": "::ffff:127.0.0.1",
  "contentLength": "804"
}
17:32:53 [[32minfo[39m]: HTTP Request {
  "service": "lhcBack",
  "version": "1.0.0",
  "method": "GET",
  "path": "/",
  "statusCode": 200,
  "duration": "30 ms",
  "userId": "1",
  "ip": "::ffff:127.0.0.1",
  "contentLength": "804"
}
17:32:53 [[32minfo[39m]: HTTP Request {
  "service": "lhcBack",
  "version": "1.0.0",
  "method": "GET",
  "path": "/d73bbf37-52f0-46f2-9caf-ec6cc0160450",
  "statusCode": 200,
  "duration": "23 ms",
  "userId": "1",
  "ip": "::ffff:127.0.0.1",
  "contentLength": "724"
}
17:32:53 [[32minfo[39m]: HTTP Request {
  "service": "lhcBack",
  "version": "1.0.0",
  "method": "GET",
  "path": "/d73bbf37-52f0-46f2-9caf-ec6cc0160450",
  "statusCode": 200,
  "duration": "3 ms",
  "userId": "2",
  "ip": "::ffff:127.0.0.1",
  "contentLength": "724"
}
17:32:53 [[33mwarn[39m]: HTTP Request {
  "service": "lhcBack",
  "version": "1.0.0",
  "method": "GET",
  "path": "/00000000-0000-0000-0000-000000000000",
  "statusCode": 404,
  "duration": "9 ms",
  "userId": "1",
  "ip": "::ffff:127.0.0.1",
  "contentLength": "100"
}
17:32:53 [[33mwarn[39m]: HTTP Request {
  "service": "lhcBack",
  "version": "1.0.0",
  "method": "GET",
  "path": "/d73bbf37-52f0-46f2-9caf-ec6cc0160450",
  "statusCode": 401,
  "duration": "5 ms",
  "userId": "anonymous",
  "ip": "::ffff:127.0.0.1",
  "contentLength": "92"
}
17:32:53 [[32minfo[39m]: HTTP Request {
  "service": "lhcBack",
  "version": "1.0.0",
  "method": "PUT",
  "path": "/d73bbf37-52f0-46f2-9caf-ec6cc0160450",
  "statusCode": 200,
  "duration": "29 ms",
  "userId": "1",
  "ip": "::ffff:127.0.0.1",
  "contentLength": "325"
}
17:32:53 [[33mwarn[39m]: HTTP Request {
  "service": "lhcBack",
  "version": "1.0.0",
  "method": "PUT",
  "path": "/d73bbf37-52f0-46f2-9caf-ec6cc0160450",
  "statusCode": 403,
  "duration": "3 ms",
  "userId": "2",
  "ip": "::ffff:127.0.0.1",
  "contentLength": "89"
}
17:32:53 [[33mwarn[39m]: HTTP Request {
  "service": "lhcBack",
  "version": "1.0.0",
  "method": "PUT",
  "path": "/00000000-0000-0000-0000-000000000000",
  "statusCode": 404,
  "duration": "9 ms",
  "userId": "1",
  "ip": "::ffff:127.0.0.1",
  "contentLength": "100"
}
17:32:53 [[33mwarn[39m]: HTTP Request {
  "service": "lhcBack",
  "version": "1.0.0",
  "method": "PUT",
  "path": "/d73bbf37-52f0-46f2-9caf-ec6cc0160450",
  "statusCode": 401,
  "duration": "3 ms",
  "userId": "anonymous",
  "ip": "::ffff:127.0.0.1",
  "contentLength": "92"
}
17:32:54 [[32minfo[39m]: HTTP Request {
  "service": "lhcBack",
  "version": "1.0.0",
  "method": "POST",
  "path": "/",
  "statusCode": 201,
  "duration": "25 ms",
  "userId": "1",
  "ip": "::ffff:127.0.0.1",
  "contentLength": "325"
}
17:32:54 [[32minfo[39m]: HTTP Request {
  "service": "lhcBack",
  "version": "1.0.0",
  "method": "POST",
  "path": "/book",
  "statusCode": 200,
  "duration": "39 ms",
  "userId": "2",
  "ip": "::ffff:127.0.0.1",
  "contentLength": "100"
}
17:32:54 [[33mwarn[39m]: HTTP Request {
  "service": "lhcBack",
  "version": "1.0.0",
  "method": "POST",
  "path": "/book",
  "statusCode": 400,
  "duration": "36 ms",
  "userId": "2",
  "ip": "::ffff:127.0.0.1",
  "contentLength": "105"
}
17:32:54 [[33mwarn[39m]: HTTP Request {
  "service": "lhcBack",
  "version": "1.0.0",
  "method": "POST",
  "path": "/book",
  "statusCode": 400,
  "duration": "43 ms",
  "userId": "1",
  "ip": "::ffff:127.0.0.1",
  "contentLength": "105"
}
17:32:54 [[33mwarn[39m]: HTTP Request {
  "service": "lhcBack",
  "version": "1.0.0",
  "method": "POST",
  "path": "/book",
  "statusCode": 404,
  "duration": "19 ms",
  "userId": "2",
  "ip": "::ffff:127.0.0.1",
  "contentLength": "100"
}
17:32:54 [[33mwarn[39m]: HTTP Request {
  "service": "lhcBack",
  "version": "1.0.0",
  "method": "POST",
  "path": "/book",
  "statusCode": 401,
  "duration": "5 ms",
  "userId": "anonymous",
  "ip": "::ffff:127.0.0.1",
  "contentLength": "92"
}
17:32:54 [[33mwarn[39m]: HTTP Request {
  "service": "lhcBack",
  "version": "1.0.0",
  "method": "POST",
  "path": "/book",
  "statusCode": 400,
  "duration": "5 ms",
  "userId": "anonymous",
  "ip": "::ffff:127.0.0.1",
  "contentLength": "147"
}
17:32:54 [[32minfo[39m]: HTTP Request {
  "service": "lhcBack",
  "version": "1.0.0",
  "method": "POST",
  "path": "/",
  "statusCode": 201,
  "duration": "12 ms",
  "userId": "1",
  "ip": "::ffff:127.0.0.1",
  "contentLength": "325"
}
17:32:54 [[32minfo[39m]: HTTP Request {
  "service": "lhcBack",
  "version": "1.0.0",
  "method": "POST",
  "path": "/book",
  "statusCode": 200,
  "duration": "31 ms",
  "userId": "2",
  "ip": "::ffff:127.0.0.1",
  "contentLength": "100"
}
17:32:54 [[32minfo[39m]: HTTP Request {
  "service": "lhcBack",
  "version": "1.0.0",
  "method": "POST",
  "path": "/cancel",
  "statusCode": 200,
  "duration": "36 ms",
  "userId": "2",
  "ip": "::ffff:127.0.0.1",
  "contentLength": "100"
}
17:32:54 [[33mwarn[39m]: HTTP Request {
  "service": "lhcBack",
  "version": "1.0.0",
  "method": "POST",
  "path": "/cancel",
  "statusCode": 400,
  "duration": "17 ms",
  "userId": "2",
  "ip": "::ffff:127.0.0.1",
  "contentLength": "102"
}
17:32:54 [[33mwarn[39m]: HTTP Request {
  "service": "lhcBack",
  "version": "1.0.0",
  "method": "POST",
  "path": "/cancel",
  "statusCode": 404,
  "duration": "10 ms",
  "userId": "2",
  "ip": "::ffff:127.0.0.1",
  "contentLength": "100"
}
17:32:54 [[33mwarn[39m]: HTTP Request {
  "service": "lhcBack",
  "version": "1.0.0",
  "method": "POST",
  "path": "/cancel",
  "statusCode": 401,
  "duration": "4 ms",
  "userId": "anonymous",
  "ip": "::ffff:127.0.0.1",
  "contentLength": "92"
}
17:32:54 [[33mwarn[39m]: HTTP Request {
  "service": "lhcBack",
  "version": "1.0.0",
  "method": "POST",
  "path": "/cancel",
  "statusCode": 400,
  "duration": "5 ms",
  "userId": "anonymous",
  "ip": "::ffff:127.0.0.1",
  "contentLength": "147"
}
17:32:54 [[32minfo[39m]: HTTP Request {
  "service": "lhcBack",
  "version": "1.0.0",
  "method": "POST",
  "path": "/",
  "statusCode": 201,
  "duration": "21 ms",
  "userId": "1",
  "ip": "::ffff:127.0.0.1",
  "contentLength": "325"
}
17:32:54 [[32minfo[39m]: HTTP Request {
  "service": "lhcBack",
  "version": "1.0.0",
  "method": "POST",
  "path": "/book",
  "statusCode": 200,
  "duration": "36 ms",
  "userId": "2",
  "ip": "::ffff:127.0.0.1",
  "contentLength": "100"
}
17:32:54 [[32minfo[39m]: HTTP Request {
  "service": "lhcBack",
  "version": "1.0.0",
  "method": "GET",
  "path": "/bookings/c2c47ca2-6e24-4472-8cde-43cb0caec597",
  "statusCode": 200,
  "duration": "57 ms",
  "userId": "1",
  "ip": "::ffff:127.0.0.1",
  "contentLength": "683"
}
17:32:54 [[33mwarn[39m]: HTTP Request {
  "service": "lhcBack",
  "version": "1.0.0",
  "method": "GET",
  "path": "/bookings/c2c47ca2-6e24-4472-8cde-43cb0caec597",
  "statusCode": 403,
  "duration": "6 ms",
  "userId": "2",
  "ip": "::ffff:127.0.0.1",
  "contentLength": "89"
}
17:32:54 [[33mwarn[39m]: HTTP Request {
  "service": "lhcBack",
  "version": "1.0.0",
  "method": "GET",
  "path": "/bookings/00000000-0000-0000-0000-000000000000",
  "statusCode": 404,
  "duration": "17 ms",
  "userId": "1",
  "ip": "::ffff:127.0.0.1",
  "contentLength": "100"
}
17:32:55 [[33mwarn[39m]: HTTP Request {
  "service": "lhcBack",
  "version": "1.0.0",
  "method": "GET",
  "path": "/bookings/c2c47ca2-6e24-4472-8cde-43cb0caec597",
  "statusCode": 401,
  "duration": "6 ms",
  "userId": "anonymous",
  "ip": "::ffff:127.0.0.1",
  "contentLength": "92"
}
17:32:55 [[32minfo[39m]: HTTP Request {
  "service": "lhcBack",
  "version": "1.0.0",
  "method": "POST",
  "path": "/",
  "statusCode": 201,
  "duration": "29 ms",
  "userId": "1",
  "ip": "::ffff:127.0.0.1",
  "contentLength": "325"
}
17:32:55 [[33mwarn[39m]: HTTP Request {
  "service": "lhcBack",
  "version": "1.0.0",
  "method": "DELETE",
  "path": "/0c4b876d-160c-447d-be78-321e161b43ed",
  "statusCode": 403,
  "duration": "6 ms",
  "userId": "2",
  "ip": "::ffff:127.0.0.1",
  "contentLength": "89"
}
17:32:55 [[33mwarn[39m]: HTTP Request {
  "service": "lhcBack",
  "version": "1.0.0",
  "method": "DELETE",
  "path": "/00000000-0000-0000-0000-000000000000",
  "statusCode": 404,
  "duration": "15 ms",
  "userId": "1",
  "ip": "::ffff:127.0.0.1",
  "contentLength": "100"
}
17:32:55 [[33mwarn[39m]: HTTP Request {
  "service": "lhcBack",
  "version": "1.0.0",
  "method": "DELETE",
  "path": "/0c4b876d-160c-447d-be78-321e161b43ed",
  "statusCode": 401,
  "duration": "5 ms",
  "userId": "anonymous",
  "ip": "::ffff:127.0.0.1",
  "contentLength": "92"
}
17:32:55 [[32minfo[39m]: HTTP Request {
  "service": "lhcBack",
  "version": "1.0.0",
  "method": "DELETE",
  "path": "/0c4b876d-160c-447d-be78-321e161b43ed",
  "statusCode": 200,
  "duration": "63 ms",
  "userId": "1",
  "ip": "::ffff:127.0.0.1",
  "contentLength": "325"
}
17:32:55 [[33mwarn[39m]: HTTP Request {
  "service": "lhcBack",
  "version": "1.0.0",
  "method": "DELETE",
  "path": "/0c4b876d-160c-447d-be78-321e161b43ed",
  "statusCode": 404,
  "duration": "14 ms",
  "userId": "1",
  "ip": "::ffff:127.0.0.1",
  "contentLength": "100"
}
PASS test/10-coaching-slot.test.ts
  Test CRUD pour les cr├®neaux d'appel coach
    CREATE (POST /api/coaching-slots)
      ÔêÜ COACH -> Authorize (58 ms)
      ÔêÜ ATHLETE -> Unauthorize (403) (31 ms)
      ÔêÜ NO TOKEN -> Unauthorized (401) (27 ms)
      ÔêÜ endTime <= startTime -> Bad Request (400) (28 ms)
      ÔêÜ Missing fields -> Bad Request (400) (34 ms)
    GET ALL (GET /api/coaching-slots)
      ÔêÜ COACH -> Authorize (53 ms)
      ÔêÜ ATHLETE -> Authorize (42 ms)
      ÔêÜ NO TOKEN -> Unauthorized (401) (24 ms)
      ÔêÜ Filter by coachId -> returns filtered slots (67 ms)
      ÔêÜ Filter by date range -> returns filtered slots (53 ms)
    GET BY ID (GET /api/coaching-slots/:id)
      ÔêÜ COACH -> Authorize (45 ms)
      ÔêÜ ATHLETE -> Authorize (26 ms)
      ÔêÜ Not found -> 404 (39 ms)
      ÔêÜ NO TOKEN -> Unauthorized (401) (32 ms)
    UPDATE (PUT /api/coaching-slots/:id)
      ÔêÜ COACH -> Authorize (55 ms)
      ÔêÜ ATHLETE -> Unauthorize (403) (28 ms)
      ÔêÜ Not found -> 404 (33 ms)
      ÔêÜ NO TOKEN -> Unauthorized (401) (28 ms)
    BOOK (POST /api/coaching-slots/book)
      ÔêÜ ATHLETE -> Authorize (65 ms)
      ÔêÜ D├®j├á inscrit -> Bad Request (400, ALREADY-BOOKED) (61 ms)
      ÔêÜ Cr├®neau d├®j├á pris par un autre -> Bad Request (400, ALREADY-TAKEN) (88 ms)
      ÔêÜ Cr├®neau inexistant -> Not Found (404) (51 ms)
      ÔêÜ NO TOKEN -> Unauthorized (401) (30 ms)
      ÔêÜ Missing fields -> Bad Request (400) (36 ms)
    CANCEL (POST /api/coaching-slots/cancel)
      ÔêÜ ATHLETE -> Authorize (annulation de sa propre r├®sa) (69 ms)
      ÔêÜ Non r├®serv├® -> Bad Request (400, NOT-BOOKED) (50 ms)
      ÔêÜ Cr├®neau inexistant -> Not Found (404) (33 ms)
      ÔêÜ NO TOKEN -> Unauthorized (401) (32 ms)
      ÔêÜ Missing fields -> Bad Request (400) (43 ms)
    GET BOOKINGS (GET /api/coaching-slots/bookings/:id)
      ÔêÜ COACH -> Authorize et retourne les bookings (96 ms)
      ÔêÜ ATHLETE -> Unauthorize (403) (43 ms)
      ÔêÜ NOT FOUND -> 404 (52 ms)
      ÔêÜ NO TOKEN -> Unauthorized (401) (39 ms)
    DELETE (DELETE /api/coaching-slots/:id)
      ÔêÜ ATHLETE -> Unauthorize (403) (41 ms)
      ÔêÜ Not found -> 404 (52 ms)
      ÔêÜ NO TOKEN -> Unauthorized (401) (39 ms)
      ÔêÜ COACH -> Authorize (108 ms)
      ÔêÜ D├®j├á supprim├® -> 404 (38 ms)

  console.log
    [dotenv@17.3.1] injecting env (0) from .env.test -- tip: ­ƒñû agentic secret storage: https://dotenvx.com/as2

      at _log (node_modules/dotenv/lib/main.js:139:11)

17:32:56 [[32minfo[39m]: Redis connected successfully {
  "service": "lhcBack",
  "version": "1.0.0"
}
17:32:57 [[32minfo[39m]: Roles seeded successfully {
  "service": "lhcBack",
  "version": "1.0.0"
}
17:32:57 [[32minfo[39m]: Server is running on port 4000 {
  "service": "lhcBack",
  "version": "1.0.0",
  "port": 4000,
  "env": "test",
  "timeStamp": "2026-04-03T15:32:57.027Z"
}
(node:12152) DeprecationWarning: Calling client.query() when the client is already executing a query is deprecated and 
will be removed in pg@9.0. Use asycn/await or an external async flow control mechanism instead.
17:32:57 [[32minfo[39m]: HTTP Request {
  "service": "lhcBack",
  "version": "1.0.0",
  "method": "POST",
  "path": "/",
  "statusCode": 201,
  "duration": "250 ms",
  "userId": "1",
  "ip": "::ffff:127.0.0.1",
  "contentLength": "440"
}
17:32:57 [[32minfo[39m]: HTTP Request {
  "service": "lhcBack",
  "version": "1.0.0",
  "method": "POST",
  "path": "/login",
  "statusCode": 200,
  "duration": "151 ms",
  "userId": "anonymous",
  "ip": "::ffff:127.0.0.1",
  "contentLength": "434"
}
17:32:57 [[33mwarn[39m]: HTTP Request {
  "service": "lhcBack",
  "version": "1.0.0",
  "method": "POST",
  "path": "/login",
  "statusCode": 403,
  "duration": "21 ms",
  "userId": "anonymous",
  "ip": "::ffff:127.0.0.1",
  "contentLength": "113"
}
17:32:57 [[33mwarn[39m]: HTTP Request {
  "service": "lhcBack",
  "version": "1.0.0",
  "method": "POST",
  "path": "/login",
  "statusCode": 409,
  "duration": "185 ms",
  "userId": "anonymous",
  "ip": "::ffff:127.0.0.1",
  "contentLength": "113"
}
17:32:57 [[33mwarn[39m]: HTTP Request {
  "service": "lhcBack",
  "version": "1.0.0",
  "method": "POST",
  "path": "/login",
  "statusCode": 400,
  "duration": "6 ms",
  "userId": "anonymous",
  "ip": "::ffff:127.0.0.1",
  "contentLength": "152"
}
17:32:57 [[33mwarn[39m]: HTTP Request {
  "service": "lhcBack",
  "version": "1.0.0",
  "method": "POST",
  "path": "/login",
  "statusCode": 400,
  "duration": "5 ms",
  "userId": "anonymous",
  "ip": "::ffff:127.0.0.1",
  "contentLength": "156"
}
17:32:58 [[33mwarn[39m]: HTTP Request {
  "service": "lhcBack",
  "version": "1.0.0",
  "method": "POST",
  "path": "/login",
  "statusCode": 400,
  "duration": "6 ms",
  "userId": "anonymous",
  "ip": "::ffff:127.0.0.1",
  "contentLength": "152"
}
17:32:58 [[33mwarn[39m]: HTTP Request {
  "service": "lhcBack",
  "version": "1.0.0",
  "method": "POST",
  "path": "/login",
  "statusCode": 429,
  "duration": "11 ms",
  "userId": "anonymous",
  "ip": "::ffff:127.0.0.1",
  "contentLength": "51"
}
17:32:58 [[33mwarn[39m]: HTTP Request {
  "service": "lhcBack",
  "version": "1.0.0",
  "method": "POST",
  "path": "/login",
  "statusCode": 429,
  "duration": "7 ms",
  "userId": "anonymous",
  "ip": "::ffff:127.0.0.1",
  "contentLength": "51"
}
17:32:58 [[33mwarn[39m]: HTTP Request {
  "service": "lhcBack",
  "version": "1.0.0",
  "method": "POST",
  "path": "/login",
  "statusCode": 429,
  "duration": "12 ms",
  "userId": "anonymous",
  "ip": "::ffff:127.0.0.1",
  "contentLength": "51"
}
17:32:58 [[33mwarn[39m]: HTTP Request {
  "service": "lhcBack",
  "version": "1.0.0",
  "method": "POST",
  "path": "/login",
  "statusCode": 429,
  "duration": "9 ms",
  "userId": "anonymous",
  "ip": "::ffff:127.0.0.1",
  "contentLength": "51"
}
17:32:58 [[33mwarn[39m]: HTTP Request {
  "service": "lhcBack",
  "version": "1.0.0",
  "method": "POST",
  "path": "/login",
  "statusCode": 429,
  "duration": "9 ms",
  "userId": "anonymous",
  "ip": "::ffff:127.0.0.1",
  "contentLength": "51"
}
17:32:58 [[33mwarn[39m]: HTTP Request {
  "service": "lhcBack",
  "version": "1.0.0",
  "method": "POST",
  "path": "/login",
  "statusCode": 429,
  "duration": "7 ms",
  "userId": "anonymous",
  "ip": "::ffff:127.0.0.1",
  "contentLength": "51"
}
17:32:58 [[33mwarn[39m]: HTTP Request {
  "service": "lhcBack",
  "version": "1.0.0",
  "method": "POST",
  "path": "/login",
  "statusCode": 429,
  "duration": "6 ms",
  "userId": "anonymous",
  "ip": "::ffff:127.0.0.1",
  "contentLength": "51"
}
17:32:58 [[32minfo[39m]: HTTP Request {
  "service": "lhcBack",
  "version": "1.0.0",
  "method": "POST",
  "path": "/register",
  "statusCode": 200,
  "duration": "235 ms",
  "userId": "anonymous",
  "ip": "::ffff:127.0.0.1",
  "contentLength": "432"
}
17:32:58 [[32minfo[39m]: HTTP Request {
  "service": "lhcBack",
  "version": "1.0.0",
  "method": "POST",
  "path": "/register",
  "statusCode": 200,
  "duration": "237 ms",
  "userId": "anonymous",
  "ip": "::ffff:127.0.0.1",
  "contentLength": "432"
}
17:32:59 [[33mwarn[39m]: HTTP Request {
  "service": "lhcBack",
  "version": "1.0.0",
  "method": "POST",
  "path": "/register",
  "statusCode": 400,
  "duration": "8 ms",
  "userId": "anonymous",
  "ip": "::ffff:127.0.0.1",
  "contentLength": "150"
}
17:32:59 [[33mwarn[39m]: HTTP Request {
  "service": "lhcBack",
  "version": "1.0.0",
  "method": "POST",
  "path": "/register",
  "statusCode": 400,
  "duration": "7 ms",
  "userId": "anonymous",
  "ip": "::ffff:127.0.0.1",
  "contentLength": "142"
}
17:32:59 [[33mwarn[39m]: HTTP Request {
  "service": "lhcBack",
  "version": "1.0.0",
  "method": "POST",
  "path": "/register",
  "statusCode": 400,
  "duration": "6 ms",
  "userId": "anonymous",
  "ip": "::ffff:127.0.0.1",
  "contentLength": "122"
}
17:32:59 [[33mwarn[39m]: HTTP Request {
  "service": "lhcBack",
  "version": "1.0.0",
  "method": "POST",
  "path": "/register",
  "statusCode": 429,
  "duration": "4 ms",
  "userId": "anonymous",
  "ip": "::ffff:127.0.0.1",
  "contentLength": "49"
}
17:32:59 [[33mwarn[39m]: HTTP Request {
  "service": "lhcBack",
  "version": "1.0.0",
  "method": "POST",
  "path": "/register",
  "statusCode": 429,
  "duration": "5 ms",
  "userId": "anonymous",
  "ip": "::ffff:127.0.0.1",
  "contentLength": "49"
}
17:32:59 [[33mwarn[39m]: HTTP Request {
  "service": "lhcBack",
  "version": "1.0.0",
  "method": "POST",
  "path": "/register",
  "statusCode": 429,
  "duration": "3 ms",
  "userId": "anonymous",
  "ip": "::ffff:127.0.0.1",
  "contentLength": "49"
}
17:32:59 [[33mwarn[39m]: HTTP Request {
  "service": "lhcBack",
  "version": "1.0.0",
  "method": "POST",
  "path": "/register",
  "statusCode": 429,
  "duration": "3 ms",
  "userId": "anonymous",
  "ip": "::ffff:127.0.0.1",
  "contentLength": "49"
}
17:32:59 [[33mwarn[39m]: HTTP Request {
  "service": "lhcBack",
  "version": "1.0.0",
  "method": "POST",
  "path": "/register",
  "statusCode": 429,
  "duration": "3 ms",
  "userId": "anonymous",
  "ip": "::ffff:127.0.0.1",
  "contentLength": "49"
}
17:32:59 [[33mwarn[39m]: HTTP Request {
  "service": "lhcBack",
  "version": "1.0.0",
  "method": "POST",
  "path": "/login",
  "statusCode": 429,
  "duration": "5 ms",
  "userId": "anonymous",
  "ip": "::ffff:127.0.0.1",
  "contentLength": "51"
}
17:32:59 [[33mwarn[39m]: HTTP Request {
  "service": "lhcBack",
  "version": "1.0.0",
  "method": "POST",
  "path": "/login",
  "statusCode": 429,
  "duration": "5 ms",
  "userId": "anonymous",
  "ip": "::ffff:127.0.0.1",
  "contentLength": "51"
}
17:32:59 [[33mwarn[39m]: HTTP Request {
  "service": "lhcBack",
  "version": "1.0.0",
  "method": "POST",
  "path": "/login",
  "statusCode": 429,
  "duration": "4 ms",
  "userId": "anonymous",
  "ip": "::ffff:127.0.0.1",
  "contentLength": "51"
}
PASS test/5-auth.test.ts
  AUTHENTICATION
    POST /api/auth/login
      ÔêÜ SUCCESS -> Valid credentials (177 ms)
      ÔêÜ ERROR -> Invalid username (53 ms)
      ÔêÜ ERROR -> Invalid password (244 ms)
      ÔêÜ ERROR -> Missing username (62 ms)
      ÔêÜ ERROR -> Missing password (48 ms)
      ÔêÜ ERROR -> Empty credentials (48 ms)
      ÔêÜ RATE LIMIT -> Too many attempts (357 ms)
      ÔêÜ SUCCESS -> Rate limit resets after successful login (62 ms)
    POST /api/auth/register
      ÔêÜ SUCCESS -> Create new user (272 ms)
      ÔêÜ ERROR -> Invalid username format (274 ms)
      ÔêÜ ERROR -> Missing required fields (43 ms)
      ÔêÜ ERROR -> Invalid age (negative) (43 ms)
      ÔêÜ ERROR -> Invalid weight (zero) (50 ms)
      ÔêÜ ERROR -> Invalid role (27 ms)
      ÔêÜ RATE LIMIT -> Too many registration attempts (104 ms)
    Security Tests
      ÔêÜ ERROR -> SQL Injection attempt in username (35 ms)
      ÔêÜ ERROR -> XSS attempt in username (44 ms)
      ÔêÜ ERROR -> Very long username (57 ms)

  console.log
    [dotenv@17.3.1] injecting env (0) from .env.test -- tip: ­ƒøí´©Å auth for agents: https://vestauth.com

      at _log (node_modules/dotenv/lib/main.js:139:11)

17:33:00 [[32minfo[39m]: Redis connected successfully {
  "service": "lhcBack",
  "version": "1.0.0"
}
17:33:00 [[32minfo[39m]: Roles seeded successfully {
  "service": "lhcBack",
  "version": "1.0.0"
}
17:33:00 [[32minfo[39m]: Server is running on port 4000 {
  "service": "lhcBack",
  "version": "1.0.0",
  "port": 4000,
  "env": "test",
  "timeStamp": "2026-04-03T15:33:00.902Z"
}
(node:12152) DeprecationWarning: Calling client.query() when the client is already executing a query is deprecated and 
will be removed in pg@9.0. Use asycn/await or an external async flow control mechanism instead.
17:33:01 [[32minfo[39m]: HTTP Request {
  "service": "lhcBack",
  "version": "1.0.0",
  "method": "POST",
  "path": "/",
  "statusCode": 201,
  "duration": "311 ms",
  "userId": "1",
  "ip": "::ffff:127.0.0.1",
  "contentLength": "440"
}
17:33:01 [[32minfo[39m]: HTTP Request {
  "service": "lhcBack",
  "version": "1.0.0",
  "method": "POST",
  "path": "/",
  "statusCode": 201,
  "duration": "203 ms",
  "userId": "1",
  "ip": "::ffff:127.0.0.1",
  "contentLength": "440"
}
17:33:01 [[32minfo[39m]: HTTP Request {
  "service": "lhcBack",
  "version": "1.0.0",
  "method": "POST",
  "path": "/",
  "statusCode": 201,
  "duration": "16 ms",
  "userId": "1",
  "ip": "::ffff:127.0.0.1",
  "contentLength": "404"
}
17:33:01 [[33mwarn[39m]: HTTP Request {
  "service": "lhcBack",
  "version": "1.0.0",
  "method": "POST",
  "path": "/",
  "statusCode": 403,
  "duration": "5 ms",
  "userId": "2",
  "ip": "::ffff:127.0.0.1",
  "contentLength": "89"
}
17:33:01 [[33mwarn[39m]: HTTP Request {
  "service": "lhcBack",
  "version": "1.0.0",
  "method": "POST",
  "path": "/",
  "statusCode": 401,
  "duration": "4 ms",
  "userId": "anonymous",
  "ip": "::ffff:127.0.0.1",
  "contentLength": "92"
}
17:33:01 [[32minfo[39m]: HTTP Request {
  "service": "lhcBack",
  "version": "1.0.0",
  "method": "GET",
  "path": "/",
  "statusCode": 200,
  "duration": "32 ms",
  "userId": "1",
  "ip": "::ffff:127.0.0.1",
  "contentLength": "503"
}
17:33:01 [[32minfo[39m]: HTTP Request {
  "service": "lhcBack",
  "version": "1.0.0",
  "method": "GET",
  "path": "/",
  "statusCode": 200,
  "duration": "34 ms",
  "userId": "2",
  "ip": "::ffff:127.0.0.1",
  "contentLength": "503"
}
17:33:01 [[33mwarn[39m]: HTTP Request {
  "service": "lhcBack",
  "version": "1.0.0",
  "method": "GET",
  "path": "/",
  "statusCode": 401,
  "duration": "3 ms",
  "userId": "anonymous",
  "ip": "::ffff:127.0.0.1",
  "contentLength": "92"
}
17:33:01 [[32minfo[39m]: HTTP Request {
  "service": "lhcBack",
  "version": "1.0.0",
  "method": "GET",
  "path": "/45009335-d99c-4c1b-9e8f-973d23bab8ed",
  "statusCode": 200,
  "duration": "12 ms",
  "userId": "1",
  "ip": "::ffff:127.0.0.1",
  "contentLength": "404"
}
17:33:01 [[32minfo[39m]: HTTP Request {
  "service": "lhcBack",
  "version": "1.0.0",
  "method": "GET",
  "path": "/45009335-d99c-4c1b-9e8f-973d23bab8ed",
  "statusCode": 200,
  "duration": "4 ms",
  "userId": "2",
  "ip": "::ffff:127.0.0.1",
  "contentLength": "404"
}
17:33:01 [[33mwarn[39m]: HTTP Request {
  "service": "lhcBack",
  "version": "1.0.0",
  "method": "GET",
  "path": "/00000000-0000-0000-0000-000000000000",
  "statusCode": 404,
  "duration": "10 ms",
  "userId": "1",
  "ip": "::ffff:127.0.0.1",
  "contentLength": "97"
}
17:33:01 [[33mwarn[39m]: HTTP Request {
  "service": "lhcBack",
  "version": "1.0.0",
  "method": "GET",
  "path": "/45009335-d99c-4c1b-9e8f-973d23bab8ed",
  "statusCode": 401,
  "duration": "3 ms",
  "userId": "anonymous",
  "ip": "::ffff:127.0.0.1",
  "contentLength": "92"
}
17:33:01 [[32minfo[39m]: HTTP Request {
  "service": "lhcBack",
  "version": "1.0.0",
  "method": "PUT",
  "path": "/45009335-d99c-4c1b-9e8f-973d23bab8ed",
  "statusCode": 200,
  "duration": "29 ms",
  "userId": "1",
  "ip": "::ffff:127.0.0.1",
  "contentLength": "406"
}
17:33:01 [[33mwarn[39m]: HTTP Request {
  "service": "lhcBack",
  "version": "1.0.0",
  "method": "PUT",
  "path": "/45009335-d99c-4c1b-9e8f-973d23bab8ed",
  "statusCode": 403,
  "duration": "3 ms",
  "userId": "2",
  "ip": "::ffff:127.0.0.1",
  "contentLength": "89"
}
17:33:02 [[33mwarn[39m]: HTTP Request {
  "service": "lhcBack",
  "version": "1.0.0",
  "method": "PUT",
  "path": "/00000000-0000-0000-0000-000000000000",
  "statusCode": 404,
  "duration": "13 ms",
  "userId": "1",
  "ip": "::ffff:127.0.0.1",
  "contentLength": "97"
}
17:33:02 [[33mwarn[39m]: HTTP Request {
  "service": "lhcBack",
  "version": "1.0.0",
  "method": "PUT",
  "path": "/45009335-d99c-4c1b-9e8f-973d23bab8ed",
  "statusCode": 401,
  "duration": "4 ms",
  "userId": "anonymous",
  "ip": "::ffff:127.0.0.1",
  "contentLength": "92"
}
17:33:02 [[32minfo[39m]: HTTP Request {
  "service": "lhcBack",
  "version": "1.0.0",
  "method": "POST",
  "path": "/",
  "statusCode": 201,
  "duration": "12 ms",
  "userId": "1",
  "ip": "::ffff:127.0.0.1",
  "contentLength": "386"
}
17:33:02 [[32minfo[39m]: HTTP Request {
  "service": "lhcBack",
  "version": "1.0.0",
  "method": "DELETE",
  "path": "/10037477-cbfc-46c5-a82e-998f87a609fe",
  "statusCode": 200,
  "duration": "27 ms",
  "userId": "1",
  "ip": "::ffff:127.0.0.1",
  "contentLength": "386"
}
17:33:02 [[33mwarn[39m]: HTTP Request {
  "service": "lhcBack",
  "version": "1.0.0",
  "method": "DELETE",
  "path": "/45009335-d99c-4c1b-9e8f-973d23bab8ed",
  "statusCode": 403,
  "duration": "5 ms",
  "userId": "2",
  "ip": "::ffff:127.0.0.1",
  "contentLength": "89"
}
17:33:02 [[33mwarn[39m]: HTTP Request {
  "service": "lhcBack",
  "version": "1.0.0",
  "method": "DELETE",
  "path": "/00000000-0000-0000-0000-000000000000",
  "statusCode": 404,
  "duration": "12 ms",
  "userId": "1",
  "ip": "::ffff:127.0.0.1",
  "contentLength": "97"
}
17:33:02 [[33mwarn[39m]: HTTP Request {
  "service": "lhcBack",
  "version": "1.0.0",
  "method": "DELETE",
  "path": "/45009335-d99c-4c1b-9e8f-973d23bab8ed",
  "statusCode": 401,
  "duration": "4 ms",
  "userId": "anonymous",
  "ip": "::ffff:127.0.0.1",
  "contentLength": "92"
}
17:33:02 [[32minfo[39m]: HTTP Request {
  "service": "lhcBack",
  "version": "1.0.0",
  "method": "GET",
  "path": "/registrations/45009335-d99c-4c1b-9e8f-973d23bab8ed",
  "statusCode": 200,
  "duration": "20 ms",
  "userId": "1",
  "ip": "::ffff:127.0.0.1",
  "contentLength": "79"
}
17:33:02 [[33mwarn[39m]: HTTP Request {
  "service": "lhcBack",
  "version": "1.0.0",
  "method": "GET",
  "path": "/registrations/45009335-d99c-4c1b-9e8f-973d23bab8ed",
  "statusCode": 403,
  "duration": "4 ms",
  "userId": "2",
  "ip": "::ffff:127.0.0.1",
  "contentLength": "89"
}
17:33:02 [[33mwarn[39m]: HTTP Request {
  "service": "lhcBack",
  "version": "1.0.0",
  "method": "GET",
  "path": "/registrations/00000000-0000-0000-0000-000000000000",
  "statusCode": 404,
  "duration": "12 ms",
  "userId": "1",
  "ip": "::ffff:127.0.0.1",
  "contentLength": "97"
}
17:33:02 [[33mwarn[39m]: HTTP Request {
  "service": "lhcBack",
  "version": "1.0.0",
  "method": "GET",
  "path": "/registrations/45009335-d99c-4c1b-9e8f-973d23bab8ed",
  "statusCode": 401,
  "duration": "4 ms",
  "userId": "anonymous",
  "ip": "::ffff:127.0.0.1",
  "contentLength": "92"
}
PASS test/3-course.test.ts
  Test CRUD pour les cours
    CREATE (POST /api/course)
      ÔêÜ COACH -> Authorize (41 ms)
      ÔêÜ ATHLETE -> Unauthorize (31 ms)
      ÔêÜ NO TOKEN -> Unauthorized (35 ms)
    GET ALL (GET /api/course)
      ÔêÜ COACH -> Authorize (58 ms)
      ÔêÜ ATHLETE -> Authorize (56 ms)
      ÔêÜ NO TOKEN -> Unauthorized (30 ms)
    GET BY ID (GET /api/course/:id)
      ÔêÜ COACH -> Authorize (36 ms)
      ÔêÜ ATHLETE -> Authorize (28 ms)
      ÔêÜ COURSE NOT FOUND -> 404 (35 ms)
      ÔêÜ NO TOKEN -> Unauthorized (25 ms)
    UPDATE (PUT /api/course/:id)
      ÔêÜ COACH -> Authorize (53 ms)
      ÔêÜ ATHLETE -> Unauthorize (35 ms)
      ÔêÜ COURSE NOT FOUND -> 404 (36 ms)
      ÔêÜ NO TOKEN -> Unauthorized (27 ms)
    DELETE (DELETE /api/course/:id)
      ÔêÜ COACH -> Authorize (86 ms)
      ÔêÜ ATHLETE -> Unauthorize (31 ms)
      ÔêÜ COURSE NOT FOUND -> 404 (36 ms)
      ÔêÜ NO TOKEN -> Unauthorized (23 ms)
    GET REGISTRATIONS (GET /api/course/registrations/:id)
      ÔêÜ COACH -> Authorize (40 ms)
      ÔêÜ ATHLETE -> Unauthorize (29 ms)
      ÔêÜ COURSE NOT FOUND -> 404 (37 ms)
      ÔêÜ NO TOKEN -> Unauthorized (30 ms)

  console.log
    [dotenv@17.3.1] injecting env (0) from .env.test -- tip: ÔÜÖ´©Å  write to custom object with { processEnv: myObject }

      at _log (node_modules/dotenv/lib/main.js:139:11)

17:33:03 [[32minfo[39m]: Redis connected successfully {
  "service": "lhcBack",
  "version": "1.0.0"
}
17:33:03 [[32minfo[39m]: Roles seeded successfully {
  "service": "lhcBack",
  "version": "1.0.0"
}
17:33:03 [[32minfo[39m]: Server is running on port 4000 {
  "service": "lhcBack",
  "version": "1.0.0",
  "port": 4000,
  "env": "test",
  "timeStamp": "2026-04-03T15:33:03.878Z"
}
(node:12152) DeprecationWarning: Calling client.query() when the client is already executing a query is deprecated and 
will be removed in pg@9.0. Use asycn/await or an external async flow control mechanism instead.
17:33:04 [[32minfo[39m]: HTTP Request {
  "service": "lhcBack",
  "version": "1.0.0",
  "method": "POST",
  "path": "/",
  "statusCode": 201,
  "duration": "346 ms",
  "userId": "1",
  "ip": "::ffff:127.0.0.1",
  "contentLength": "445"
}
17:33:04 [[33mwarn[39m]: HTTP Request {
  "service": "lhcBack",
  "version": "1.0.0",
  "method": "POST",
  "path": "/",
  "statusCode": 409,
  "duration": "135 ms",
  "userId": "1",
  "ip": "::ffff:127.0.0.1",
  "contentLength": "107"
}
17:33:04 [[32minfo[39m]: HTTP Request {
  "service": "lhcBack",
  "version": "1.0.0",
  "method": "POST",
  "path": "/",
  "statusCode": 201,
  "duration": "50 ms",
  "userId": "1",
  "ip": "::ffff:127.0.0.1",
  "contentLength": "327"
}
17:33:04 [[33mwarn[39m]: HTTP Request {
  "service": "lhcBack",
  "version": "1.0.0",
  "method": "POST",
  "path": "/",
  "statusCode": 400,
  "duration": "5 ms",
  "userId": "anonymous",
  "ip": "::ffff:127.0.0.1",
  "contentLength": "147"
}
17:33:04 [[33mwarn[39m]: HTTP Request {
  "service": "lhcBack",
  "version": "1.0.0",
  "method": "POST",
  "path": "/",
  "statusCode": 400,
  "duration": "3 ms",
  "userId": "anonymous",
  "ip": "::ffff:127.0.0.1",
  "contentLength": "147"
}
17:33:04 [[32minfo[39m]: HTTP Request {
  "service": "lhcBack",
  "version": "1.0.0",
  "method": "GET",
  "path": "/",
  "statusCode": 200,
  "duration": "11 ms",
  "userId": "1",
  "ip": "::ffff:127.0.0.1",
  "contentLength": "329"
}
17:33:04 [[33mwarn[39m]: HTTP Request {
  "service": "lhcBack",
  "version": "1.0.0",
  "method": "GET",
  "path": "/",
  "statusCode": 403,
  "duration": "6 ms",
  "userId": "2",
  "ip": "::ffff:127.0.0.1",
  "contentLength": "89"
}
17:33:04 [[32minfo[39m]: HTTP Request {
  "service": "lhcBack",
  "version": "1.0.0",
  "method": "GET",
  "path": "/588a5767-7da7-44c7-b93b-d15daa72877e",
  "statusCode": 200,
  "duration": "17 ms",
  "userId": "1",
  "ip": "::ffff:127.0.0.1",
  "contentLength": "327"
}
17:33:04 [[33mwarn[39m]: HTTP Request {
  "service": "lhcBack",
  "version": "1.0.0",
  "method": "GET",
  "path": "/undefined",
  "statusCode": 400,
  "duration": "3 ms",
  "userId": "anonymous",
  "ip": "::ffff:127.0.0.1",
  "contentLength": "121"
}
17:33:04 [[32minfo[39m]: HTTP Request {
  "service": "lhcBack",
  "version": "1.0.0",
  "method": "PUT",
  "path": "/",
  "statusCode": 200,
  "duration": "19 ms",
  "userId": "1",
  "ip": "::ffff:127.0.0.1",
  "contentLength": "326"
}
17:33:04 [[33mwarn[39m]: HTTP Request {
  "service": "lhcBack",
  "version": "1.0.0",
  "method": "PUT",
  "path": "/",
  "statusCode": 403,
  "duration": "6 ms",
  "userId": "2",
  "ip": "::ffff:127.0.0.1",
  "contentLength": "89"
}
17:33:04 [[32minfo[39m]: HTTP Request {
  "service": "lhcBack",
  "version": "1.0.0",
  "method": "DELETE",
  "path": "/588a5767-7da7-44c7-b93b-d15daa72877e",
  "statusCode": 200,
  "duration": "21 ms",
  "userId": "1",
  "ip": "::ffff:127.0.0.1",
  "contentLength": "94"
}
17:33:04 [[33mwarn[39m]: HTTP Request {
  "service": "lhcBack",
  "version": "1.0.0",
  "method": "DELETE",
  "path": "/undefined",
  "statusCode": 400,
  "duration": "5 ms",
  "userId": "anonymous",
  "ip": "::ffff:127.0.0.1",
  "contentLength": "121"
}
PASS test/2-stats.test.ts
  Test CRUD pour les stats des utilisateurs
    CREATE (POST /api/stats)
      ÔêÜ COACH -> Authorize (75 ms)
      ÔêÜ ATHLETE -> Unauthorize (66 ms)
    GET ALL (/api/stats)
      ÔêÜ COACH -> Authorize (34 ms)
      ÔêÜ ATHLETE -> Unauthorize (31 ms)
    GET BY ID (GET /api/stats/id)
      ÔêÜ COACH -> Authorize (46 ms)
      ÔêÜ ATHLETE -> Unauthorize (27 ms)
    UPDATE (PUT /api/stats/)
      ÔêÜ COACH -> Authorize (45 ms)
      ÔêÜ ATHLETE -> Unauthorize (32 ms)
    DELETE (DELETE /api/stats/id)
      ÔêÜ COACH -> Authorize (45 ms)
      ÔêÜ ATHLETE -> Unauthorize (32 ms)

  console.log
    [dotenv@17.3.1] injecting env (0) from .env.test -- tip: ÔÜÖ´©Å  enable debug logging with { debug: true }

      at _log (node_modules/dotenv/lib/main.js:139:11)

17:33:06 [[32minfo[39m]: Redis connected successfully {
  "service": "lhcBack",
  "version": "1.0.0"
}
17:33:06 [[32minfo[39m]: HTTP Request {
  "service": "lhcBack",
  "version": "1.0.0",
  "method": "GET",
  "path": "/",
  "statusCode": 200,
  "duration": "85 ms",
  "userId": "98",
  "ip": "::ffff:127.0.0.1",
  "contentLength": "480"
}
17:33:06 [[33mwarn[39m]: HTTP Request {
  "service": "lhcBack",
  "version": "1.0.0",
  "method": "GET",
  "path": "/",
  "statusCode": 403,
  "duration": "5 ms",
  "userId": "1",
  "ip": "::ffff:127.0.0.1",
  "contentLength": "89"
}
17:33:06 [[32minfo[39m]: Roles seeded successfully {
  "service": "lhcBack",
  "version": "1.0.0"
}
17:33:06 [[32minfo[39m]: Server is running on port 4000 {
  "service": "lhcBack",
  "version": "1.0.0",
  "port": 4000,
  "env": "test",
  "timeStamp": "2026-04-03T15:33:06.536Z"
}
17:33:06 [[33mwarn[39m]: HTTP Request {
  "service": "lhcBack",
  "version": "1.0.0",
  "method": "GET",
  "path": "/",
  "statusCode": 401,
  "duration": "4 ms",
  "userId": "anonymous",
  "ip": "::ffff:127.0.0.1",
  "contentLength": "92"
}
17:33:06 [[32minfo[39m]: HTTP Request {
  "service": "lhcBack",
  "version": "1.0.0",
  "method": "GET",
  "path": "/database",
  "statusCode": 200,
  "duration": "8 ms",
  "userId": "98",
  "ip": "::ffff:127.0.0.1",
  "contentLength": "120"
}
17:33:06 [[33mwarn[39m]: HTTP Request {
  "service": "lhcBack",
  "version": "1.0.0",
  "method": "GET",
  "path": "/database",
  "statusCode": 403,
  "duration": "3 ms",
  "userId": "1",
  "ip": "::ffff:127.0.0.1",
  "contentLength": "89"
}
17:33:06 [[33mwarn[39m]: HTTP Request {
  "service": "lhcBack",
  "version": "1.0.0",
  "method": "GET",
  "path": "/database",
  "statusCode": 401,
  "duration": "2 ms",
  "userId": "anonymous",
  "ip": "::ffff:127.0.0.1",
  "contentLength": "92"
}
17:33:06 [[32minfo[39m]: HTTP Request {
  "service": "lhcBack",
  "version": "1.0.0",
  "method": "GET",
  "path": "/",
  "statusCode": 200,
  "duration": "4 ms",
  "userId": "anonymous",
  "ip": "::ffff:127.0.0.1",
  "contentLength": "92"
}
17:33:06 [[32minfo[39m]: HTTP Request {
  "service": "lhcBack",
  "version": "1.0.0",
  "method": "GET",
  "path": "/",
  "statusCode": 301,
  "duration": "8 ms",
  "userId": "anonymous",
  "ip": "::ffff:127.0.0.1",
  "contentLength": 153
}
17:33:06 [[32minfo[39m]: HTTP Request {
  "service": "lhcBack",
  "version": "1.0.0",
  "method": "GET",
  "path": "/",
  "statusCode": 200,
  "duration": "22 ms",
  "userId": "anonymous",
  "ip": "::ffff:127.0.0.1",
  "contentLength": 186111
}
17:33:06 [[32minfo[39m]: HTTP Request {
  "service": "lhcBack",
  "version": "1.0.0",
  "method": "GET",
  "path": "/",
  "statusCode": 302,
  "duration": "4 ms",
  "userId": "anonymous",
  "ip": "::ffff:127.0.0.1",
  "contentLength": "26"
}
PASS test/6-health.test.ts
  Test endpoints de sant├®
    GET /api/admin/health
      ÔêÜ ADMIN -> Authorize (155 ms)
      ÔêÜ COACH -> Unauthorize (38 ms)
      ÔêÜ NO TOKEN -> Unauthorized (54 ms)
    GET /api/admin/health/database
      ÔêÜ ADMIN -> Authorize (30 ms)
      ÔêÜ COACH -> Unauthorize (23 ms)
      ÔêÜ NO TOKEN -> Unauthorized (25 ms)
    GET /health
      ÔêÜ PUBLIC -> Accessible sans token (22 ms)
    GET /doc
      ÔêÜ PUBLIC -> Redirection vers swagger (31 ms)
    GET /favicon.ico
      ÔêÜ PUBLIC -> Retourne l'ic├┤ne (45 ms)
    GET /
      ÔêÜ PUBLIC -> Redirection vers /doc (30 ms)

Test Suites: 4 failed, 6 passed, 10 total
Tests:       8 failed, 177 passed, 185 total
Snapshots:   0 total
Time:        37.864 s, estimated 85 s
Ran all test suites.
